Removed Pin From Net: NetName=GRF5610_RFIN Pin=FL1-2
Removed Pin From Net: NetName=GND Pin=FL1-3
Change Component Footprint: Designator=FL1 Old Footprint=DEA070787LT-4002A1 New Footprint=DEA160960LT-5059A1
Change Component Comment : Designator=FL1 Old Comment=DEA070787LT-4002A1 New Comment=DEA160960LT-5059A1
Change component parameters: Designator = "FL1" ("FL1"); Footprint = "DEA070787LT-4002A1"; UniqueID = "\YIFUQYUU" ("\YIFUQYUU")
Change component parameters (AddParameter): Name = "Manufacturer"; Value = "TDK"; VariantName = "[No Variations]"
Change component parameters (AddParameter): Name = "Manufacturer Part Number"; Value = "DEA160960LT-5059A1"; VariantName = "[No Variations]"
Change component parameters (AddParameter): Name = "Supplier"; Value = "LCSC"; VariantName = "[No Variations]"
Change component parameters (AddParameter): Name = "Supplier Part Number"; Value = "C695578"; VariantName = "[No Variations]"
Add Component: Footprint Not Found CAP Ceramic SMD 0402
Add Component: Footprint Not Found CAP Ceramic SMD 0402
Add Component: Footprint Not Found CAP Ceramic SMD 0402
Add Component: Footprint Not Found CAP Ceramic SMD 0402
Add Component: Footprint Not Found CAP Ceramic SMD 0402
Add Component: Footprint Not Found CAP Ceramic SMD 0402
Add Component: Footprint Not Found CAP Ceramic SMD 0402
Add Component: Footprint Not Found CAP Ceramic SMD 0402
Add Component: Footprint Not Found IND SMD 0402
Add Component: Footprint Not Found IND SMD 0402
Add Component: Footprint Not Found IND SMD 0603
Add Component: Footprint Not Found IND SMD 0402
Add Component: Footprint Not Found RES SMD 0603
Add Component: Footprint Not Found RES SMD 0603
Add Component: Footprint Not Found RES SMD 0603
Add Component: Footprint Not Found CAP Ceramic SMD 0402
Add Component: Footprint Not Found CAP Ceramic SMD 0402
Add Component: Footprint Not Found TestPoint Surface 0.8mm
Add Pin To Net: Unknown Pin: Pin C1-1
Add Pin To Net: Unknown Pin: Pin C1-2
Add Pin To Net: Unknown Pin: Pin C2-1
Add Pin To Net: Unknown Pin: Pin C2-2
Add Pin To Net: Unknown Pin: Pin C3-1
Add Pin To Net: Unknown Pin: Pin C3-2
Add Pin To Net: Unknown Pin: Pin C5-1
Add Pin To Net: Unknown Pin: Pin C5-2
Add Pin To Net: Unknown Pin: Pin C7-1
Add Pin To Net: Unknown Pin: Pin C7-2
Add Pin To Net: Unknown Pin: Pin C8-1
Add Pin To Net: Unknown Pin: Pin C8-2
Add Pin To Net: Unknown Pin: Pin C9-1
Add Pin To Net: Unknown Pin: Pin C9-2
Add Pin To Net: Unknown Pin: Pin C10-1
Add Pin To Net: Unknown Pin: Pin C10-2
Added Pin To Net: NetName=GND Pin=FL1-2
Added Pin To Net: NetName=GRF5610_RFIN Pin=FL1-3
Add Pin To Net: Unknown Pin: Pin L1-1
Add Pin To Net: Unknown Pin: Pin L1-2
Add Pin To Net: Unknown Pin: Pin L2-1
Add Pin To Net: Unknown Pin: Pin L2-2
Add Pin To Net: Unknown Pin: Pin L4-1
Add Pin To Net: Unknown Pin: Pin L4-2
Add Pin To Net: Unknown Pin: Pin L5-1
Add Pin To Net: Unknown Pin: Pin L5-2
Add Pin To Net: Unknown Pin: Pin R1-1
Add Pin To Net: Unknown Pin: Pin R1-2
Add Pin To Net: Unknown Pin: Pin R2-1
Add Pin To Net: Unknown Pin: Pin R2-2
Add Pin To Net: Unknown Pin: Pin R3-1
Add Pin To Net: Unknown Pin: Pin R3-2
Add Pin To Net: Unknown Pin: Pin R4-1
Add Pin To Net: Unknown Pin: Pin R4-2
Add Pin To Net: Unknown Pin: Pin R5-1
Add Pin To Net: Unknown Pin: Pin R5-2
Add Pin To Net: Unknown Pin: Pin TP1-1
Add Class Member: Failed to add class member : Component C1 12pF
Add Class Member: Failed to add class member : Component C2 12pF
Add Class Member: Failed to add class member : Component C3 100nF
Add Class Member: Failed to add class member : Component C5 10uF
Add Class Member: Failed to add class member : Component C7 47pF
Add Class Member: Failed to add class member : Component C8 5.6pF
Add Class Member: Failed to add class member : Component C9 20pF
Add Class Member: Failed to add class member : Component C10 7.5pF
Add Class Member: Failed to add class member : Component L1 11nF
Add Class Member: Failed to add class member : Component L2 11nF
Add Class Member: Failed to add class member : Component L4 18nF
Add Class Member: Failed to add class member : Component L5 2.5nF
Add Class Member: Failed to add class member : Component R1 0R
Add Class Member: Failed to add class member : Component R2 0R
Add Class Member: Failed to add class member : Component R3 0R
Add Class Member: Failed to add class member : Component R4 5K36
Add Class Member: Failed to add class member : Component R5 2K26
Add Class Member: Failed to add class member : Component TP1 TestPoint
