Removed Pin From Net: NetName=GND Pin=N?-1
Removed Pin From Net: NetName=GND Pin=N?-4
Change Component Footprint: Designator=L? Old Footprint=IND_0603_Coilcraft_0603DC New Footprint=IND_0603_Coilcraft_0603DC
Change Component Footprint: Designator=J? Old Footprint=TP_1mm_UN1Q New Footprint=TP_1mm_UN1Q
Change Component Footprint: Designator=J? Old Footprint=TP_1mm_UN1Q New Footprint=TP_1mm_UN1Q
Change Component Footprint: Designator=J? Old Footprint=TP_1mm_UN1Q New Footprint=TP_1mm_UN1Q
Change Component Footprint: Designator=J? Old Footprint=TP_1mm_UN1Q New Footprint=TP_1mm_UN1Q
Change Component Footprint: Designator=J? Old Footprint=TP_1mm_UN1Q New Footprint=TP_1mm_UN1Q
Change Component Footprint: Designator=J? Old Footprint=TP_1mm_UN1Q New Footprint=TP_1mm_UN1Q
Change Component Footprint: Designator=J? Old Footprint=TP_1mm_UN1Q New Footprint=TP_1mm_UN1Q
Add component: Footprint Not Found TA1735A_SM2016-4
Add component: Footprint Not Found SM3030_6PIN_H1_25
Added Component: Designator=X?(U_FL_HRS_V3)
Add component (AddParameter): Name = "Alternative component"; Value = ""; VariantName = "[No Variations]"
Add component (AddParameter): Name = "ClassName"; Value = "BIG"; VariantName = "[No Variations]"
Add component (AddParameter): Name = "Component Type"; Value = "RF Connector"; VariantName = "[No Variations]"
Add component (AddParameter): Name = "ComponentLink1Description"; Value = "1_Datasheet"; VariantName = "[No Variations]"
Add component (AddParameter): Name = "ComponentLink1URL"; Value = "https://www.hirose.com/product/document?clcode=CL0331-0472-2-80&productname=U.FL-R-SMT-1(80)&series=U.FL&documenttype=2DDrawing&lang=en&documentid=0001257922"; VariantName = "[No Variations]"
Add component (AddParameter): Name = "ComponentLink2Description"; Value = "2_Product page"; VariantName = "[No Variations]"
Add component (AddParameter): Name = "ComponentLink2URL"; Value = ""; VariantName = "[No Variations]"
Add component (AddParameter): Name = "ComponentLink3Description"; Value = "3_X-information"; VariantName = "[No Variations]"
Add component (AddParameter): Name = "ComponentLink3URL"; Value = ""; VariantName = "[No Variations]"
Add component (AddParameter): Name = "ComponentLink4Description"; Value = "4_X-information"; VariantName = "[No Variations]"
Add component (AddParameter): Name = "ComponentLink4URL"; Value = ""; VariantName = "[No Variations]"
Add component (AddParameter): Name = "Creation date"; Value = "20200101"; VariantName = "[No Variations]"
Add component (AddParameter): Name = "Design Item ID"; Value = "U_FL_V3"; VariantName = "[No Variations]"
Add component (AddParameter): Name = "Dimensions WxLxH"; Value = ""; VariantName = "[No Variations]"
Add component (AddParameter): Name = "ECCN"; Value = "EAR99"; VariantName = "[No Variations]"
Add component (AddParameter): Name = "HasBeenBuilt"; Value = "True"; VariantName = "[No Variations]"
Add component (AddParameter): Name = "Manufacturer"; Value = "Hirose"; VariantName = "[No Variations]"
Add component (AddParameter): Name = "Manufacturer Part Number"; Value = "U.FL-R-SMT-1(10)"; VariantName = "[No Variations]"
Add component (AddParameter): Name = "Operating temperature range"; Value = ""; VariantName = "[No Variations]"
Add component (AddParameter): Name = "Package"; Value = ""; VariantName = "[No Variations]"
Add component (AddParameter): Name = "Part Number"; Value = "U.FL-R-SMT-1(10)"; VariantName = "[No Variations]"
Add component (AddParameter): Name = "Remark"; Value = ""; VariantName = "[No Variations]"
Add component (AddParameter): Name = "RoHS"; Value = "RoHS 3"; VariantName = "[No Variations]"
Add component (AddParameter): Name = "Sort order"; Value = "111"; VariantName = "[No Variations]"
Add component (AddParameter): Name = "Source"; Value = "Conn_UN1Q.SchLib"; VariantName = "[No Variations]"
Add component (AddParameter): Name = "System"; Value = "Connector"; VariantName = "[No Variations]"
Added Component: Designator=X?(U_FL_HRS_V3)
Add component (AddParameter): Name = "Alternative component"; Value = ""; VariantName = "[No Variations]"
Add component (AddParameter): Name = "ClassName"; Value = "BIG"; VariantName = "[No Variations]"
Add component (AddParameter): Name = "Component Type"; Value = "RF Connector"; VariantName = "[No Variations]"
Add component (AddParameter): Name = "ComponentLink1Description"; Value = "1_Datasheet"; VariantName = "[No Variations]"
Add component (AddParameter): Name = "ComponentLink1URL"; Value = "https://www.hirose.com/product/document?clcode=CL0331-0472-2-80&productname=U.FL-R-SMT-1(80)&series=U.FL&documenttype=2DDrawing&lang=en&documentid=0001257922"; VariantName = "[No Variations]"
Add component (AddParameter): Name = "ComponentLink2Description"; Value = "2_Product page"; VariantName = "[No Variations]"
Add component (AddParameter): Name = "ComponentLink2URL"; Value = ""; VariantName = "[No Variations]"
Add component (AddParameter): Name = "ComponentLink3Description"; Value = "3_X-information"; VariantName = "[No Variations]"
Add component (AddParameter): Name = "ComponentLink3URL"; Value = ""; VariantName = "[No Variations]"
Add component (AddParameter): Name = "ComponentLink4Description"; Value = "4_X-information"; VariantName = "[No Variations]"
Add component (AddParameter): Name = "ComponentLink4URL"; Value = ""; VariantName = "[No Variations]"
Add component (AddParameter): Name = "Creation date"; Value = "20200101"; VariantName = "[No Variations]"
Add component (AddParameter): Name = "Design Item ID"; Value = "U_FL_V3"; VariantName = "[No Variations]"
Add component (AddParameter): Name = "Dimensions WxLxH"; Value = ""; VariantName = "[No Variations]"
Add component (AddParameter): Name = "ECCN"; Value = "EAR99"; VariantName = "[No Variations]"
Add component (AddParameter): Name = "HasBeenBuilt"; Value = "True"; VariantName = "[No Variations]"
Add component (AddParameter): Name = "Manufacturer"; Value = "Hirose"; VariantName = "[No Variations]"
Add component (AddParameter): Name = "Manufacturer Part Number"; Value = "U.FL-R-SMT-1(10)"; VariantName = "[No Variations]"
Add component (AddParameter): Name = "Operating temperature range"; Value = ""; VariantName = "[No Variations]"
Add component (AddParameter): Name = "Package"; Value = ""; VariantName = "[No Variations]"
Add component (AddParameter): Name = "Part Number"; Value = "U.FL-R-SMT-1(10)"; VariantName = "[No Variations]"
Add component (AddParameter): Name = "Remark"; Value = ""; VariantName = "[No Variations]"
Add component (AddParameter): Name = "RoHS"; Value = "RoHS 3"; VariantName = "[No Variations]"
Add component (AddParameter): Name = "Sort order"; Value = "111"; VariantName = "[No Variations]"
Add component (AddParameter): Name = "Source"; Value = "Conn_UN1Q.SchLib"; VariantName = "[No Variations]"
Add component (AddParameter): Name = "System"; Value = "Connector"; VariantName = "[No Variations]"
Added Component: Designator=X?(U_FL_HRS_V3)
Add component (AddParameter): Name = "Alternative component"; Value = ""; VariantName = "[No Variations]"
Add component (AddParameter): Name = "ClassName"; Value = "BIG"; VariantName = "[No Variations]"
Add component (AddParameter): Name = "Component Type"; Value = "RF Connector"; VariantName = "[No Variations]"
Add component (AddParameter): Name = "ComponentLink1Description"; Value = "1_Datasheet"; VariantName = "[No Variations]"
Add component (AddParameter): Name = "ComponentLink1URL"; Value = "https://www.hirose.com/product/document?clcode=CL0331-0472-2-80&productname=U.FL-R-SMT-1(80)&series=U.FL&documenttype=2DDrawing&lang=en&documentid=0001257922"; VariantName = "[No Variations]"
Add component (AddParameter): Name = "ComponentLink2Description"; Value = "2_Product page"; VariantName = "[No Variations]"
Add component (AddParameter): Name = "ComponentLink2URL"; Value = ""; VariantName = "[No Variations]"
Add component (AddParameter): Name = "ComponentLink3Description"; Value = "3_X-information"; VariantName = "[No Variations]"
Add component (AddParameter): Name = "ComponentLink3URL"; Value = ""; VariantName = "[No Variations]"
Add component (AddParameter): Name = "ComponentLink4Description"; Value = "4_X-information"; VariantName = "[No Variations]"
Add component (AddParameter): Name = "ComponentLink4URL"; Value = ""; VariantName = "[No Variations]"
Add component (AddParameter): Name = "Creation date"; Value = "20200101"; VariantName = "[No Variations]"
Add component (AddParameter): Name = "Design Item ID"; Value = "U_FL_V3"; VariantName = "[No Variations]"
Add component (AddParameter): Name = "Dimensions WxLxH"; Value = ""; VariantName = "[No Variations]"
Add component (AddParameter): Name = "ECCN"; Value = "EAR99"; VariantName = "[No Variations]"
Add component (AddParameter): Name = "HasBeenBuilt"; Value = "True"; VariantName = "[No Variations]"
Add component (AddParameter): Name = "Manufacturer"; Value = "Hirose"; VariantName = "[No Variations]"
Add component (AddParameter): Name = "Manufacturer Part Number"; Value = "U.FL-R-SMT-1(10)"; VariantName = "[No Variations]"
Add component (AddParameter): Name = "Operating temperature range"; Value = ""; VariantName = "[No Variations]"
Add component (AddParameter): Name = "Package"; Value = ""; VariantName = "[No Variations]"
Add component (AddParameter): Name = "Part Number"; Value = "U.FL-R-SMT-1(10)"; VariantName = "[No Variations]"
Add component (AddParameter): Name = "Remark"; Value = ""; VariantName = "[No Variations]"
Add component (AddParameter): Name = "RoHS"; Value = "RoHS 3"; VariantName = "[No Variations]"
Add component (AddParameter): Name = "Sort order"; Value = "111"; VariantName = "[No Variations]"
Add component (AddParameter): Name = "Source"; Value = "Conn_UN1Q.SchLib"; VariantName = "[No Variations]"
Add component (AddParameter): Name = "System"; Value = "Connector"; VariantName = "[No Variations]"
Add Pin To Net: Unknown Pin: Pin J?-2
Add Pin To Net: Unknown Pin: Pin J?-3
Added Pin To Net: NetName=GND Pin=N?-1
Added Pin To Net: NetName=GND Pin=N?-4
Add Pin To Net: Unknown Pin: Pin N?-6
Add Pin To Net: Unknown Pin: Pin N?-A
Add Pin To Net: Unknown Pin: Pin N?-C
Add Net: Net with name "NetC?_1" already exists
Add Net: Net with name "NetC?_1" already exists
Add Net: Net with name "NetC?_1" already exists
Add Net: Net with name "NetC?_1" already exists
Add Net: Net with name "NetC?_1" already exists
Add Net: Net with name "NetC?_1" already exists
Add Net: Net with name "NetC?_1" already exists
Add Net: Net with name "NetC?_1" already exists
Add Net: Net with name "NetC?_1" already exists
Add Net: Net with name "NetC?_1" already exists
Add Net: Net with name "NetC?_1" already exists
Add Net: Net with name "NetC?_1" already exists
Add Net: Net with name "NetC?_1" already exists
Add Net: Net with name "NetC?_1" already exists
Add Net: Net with name "NetC?_1" already exists
Add Net: Net with name "NetC?_1" already exists
Add Net: Net with name "NetC?_2" already exists
Add Net: Net with name "NetC?_2" already exists
Add Net: Net with name "NetC?_2" already exists
Add Net: Net with name "NetC?_2" already exists
Add Net: Net with name "NetC?_2" already exists
Add Net: Net with name "NetC?_2" already exists
Add Net: Net with name "NetC?_2" already exists
Add Net: Net with name "NetC?_2" already exists
Add Net: Net with name "NetC?_2" already exists
Add Net: Net with name "NetC?_2" already exists
Add Net: Net with name "NetC?_2" already exists
Add Net: Net with name "NetC?_2" already exists
Add Net: Net with name "NetC?_2" already exists
Add Net: Net with name "NetC?_2" already exists
Add Net: Net with name "NetC?_2" already exists
Add Net: Net with name "NetL?_1" already exists
Added Member To Class: ClassName=RFOUT DaughterBoard Member=Component ? TVS_0201_004_EZAEG1N
Added Member To Class: ClassName=Filter Bank Member=Component C? CAP_0603_1u_X7R
Added Member To Class: ClassName=Filter Bank Member=Component C? CAP_0603_100p
Added Member To Class: ClassName=Filter Bank Member=Component C? CAP_0603_NA
Added Member To Class: ClassName=Filter Bank Member=Component C? CAP_0603_100p
Added Member To Class: ClassName=Filter Bank Member=Component C? CAP_0603_100p
Added Member To Class: ClassName=Filter Bank Member=Component C? CAP_0603_100p
Added Member To Class: ClassName=Filter Bank Member=Component C? CAP_0603_100p
Added Member To Class: ClassName=Filter Bank Member=Component C? CAP_0603_100p
Added Member To Class: ClassName=Filter Bank Member=Component C? CAP_0603_100p
Added Member To Class: ClassName=Filter Bank Member=Component C? CAP_0603_100p
Added Member To Class: ClassName=Filter Bank Member=Component C? CAP_0603_100p
Added Member To Class: ClassName=Filter Bank Member=Component C? CAP_0603_100p
Added Member To Class: ClassName=Filter Bank Member=Component C? CAP_0603_1u_X7R
Added Member To Class: ClassName=Filter Bank Member=Component C? CAP_0603_100p
Added Member To Class: ClassName=Filter Bank Member=Component C? CAP_0603_100p
Added Member To Class: ClassName=Filter Bank Member=Component C? CAP_0603_100p
Added Member To Class: ClassName=Filter Bank Member=Component C? CAP_0603_1u_X7R
Added Member To Class: ClassName=Filter Bank Member=Component C? CAP_0603_1u_X7R
Added Member To Class: ClassName=Filter Bank Member=Component C? CAP_0603_100p
Added Member To Class: ClassName=LNA Member=Component C? CAP_0603_22p
Added Member To Class: ClassName=LNA Member=Component C? CAP_0603_1p
Added Member To Class: ClassName=LNA Member=Component C? CAP_0603_1u_X7R
Added Member To Class: ClassName=LNA Member=Component C? CAP_0603_100p
Added Member To Class: ClassName=LNA Member=Component C? CAP_0603_100p
Added Member To Class: ClassName=LNA Member=Component C? CAP_0603_100p
Added Member To Class: ClassName=LNA Member=Component C? CAP_0603_1u_X7R
Added Member To Class: ClassName=LNA Member=Component C? CAP_0603_1u_X7R
Added Member To Class: ClassName=LNA Member=Component C? CAP_0603_100p
Added Member To Class: ClassName=LNA Member=Component C? CAP_0603_10p
Added Member To Class: ClassName=RFOUT DaughterBoard Member=Component C? CAP_0603_1u_X7R
Added Member To Class: ClassName=RFOUT DaughterBoard Member=Component C? CAP_0603_1u_X7R
Added Member To Class: ClassName=RFOUT DaughterBoard Member=Component C? CAP_0603_1u_X7R
Added Member To Class: ClassName=Filter Bank Member=Component J? Testpoint, Surface, 1.0mm
Added Member To Class: ClassName=Filter Bank Member=Component J? Testpoint, Surface, 1.0mm
Added Member To Class: ClassName=Filter Bank Member=Component J? Testpoint, Surface, 1.0mm
Added Member To Class: ClassName=Filter Bank Member=Component J? Testpoint, Surface, 1.0mm
Added Member To Class: ClassName=Filter Bank Member=Component J? Testpoint, Surface, 1.0mm
Added Member To Class: ClassName=RFOUT DaughterBoard Member=Component J? B3B-PH-SM4-TB(LF)(SN)
Added Member To Class: ClassName=RFOUT DaughterBoard Member=Component J? Testpoint, Surface, 1.0mm
Added Member To Class: ClassName=LNA Member=Component L? IND_0603_5_6n
Added Member To Class: ClassName=LNA Member=Component L? IND_0603_30n
Added Member To Class: ClassName=LNA Member=Component L? IND_0603_30n
Added Member To Class: ClassName=LNA Member=Component L? IND_0603_25n
Added Member To Class: ClassName=LNA Member=Component L? IND_0603_3n
Added Member To Class: ClassName=RFOUT DaughterBoard Member=Component L? FERRITE_0201_BLM03_33Ohm
Added Member To Class: ClassName=Filter Bank Member=Component N? TA1735A
Added Member To Class: ClassName=Filter Bank Member=Component N? RSF-916.500-5200-1411-TR-NS3
Added Member To Class: ClassName=Filter Bank Member=Component N? SKY13575-639LF
Added Member To Class: ClassName=Filter Bank Member=Component N? SKY13575-639LF
Added Member To Class: ClassName=Filter Bank Member=Component R? RES_0603_1k
Added Member To Class: ClassName=Filter Bank Member=Component R? RES_0603_1k
Added Member To Class: ClassName=Filter Bank Member=Component R? RES_0603_1k
Added Member To Class: ClassName=Filter Bank Member=Component R? RES_0603_1k
Added Member To Class: ClassName=LNA Member=Component R? RES_0603_10R
Added Member To Class: ClassName=LNA Member=Component R? RES_0603_470R
Added Member To Class: ClassName=LNA Member=Component R? RES_0603_470R
Added Member To Class: ClassName=Filter Bank Member=Component X? U_FL_V3
Added Member To Class: ClassName=RFOUT DaughterBoard Member=Component X? U_FL_V3
Added Member To Class: ClassName=RFOUT DaughterBoard Member=Component X? U_FL_V3
