Added Component: Designator=C1(CAPC1608X90)
Add component (AddParameter): Name = "Check_prices"; Value = "https://www.snapeda.com/parts/CC0603KRX5R9BB105/Yageo/view-part/?ref=eda"; VariantName = "[No Variations]"
Add component (AddParameter): Name = "MF"; Value = "Yageo"; VariantName = "[No Variations]"
Add component (AddParameter): Name = "MP"; Value = "CC0603KRX5R9BB105"; VariantName = "[No Variations]"
Add component (AddParameter): Name = "Package"; Value = "0603 Yageo"; VariantName = "[No Variations]"
Add component (AddParameter): Name = "SnapEDA_Link"; Value = "https://www.snapeda.com/parts/CC0603KRX5R9BB105/Yageo/view-part/?ref=snap"; VariantName = "[No Variations]"
Add component (AddParameter): Name = "Value"; Value = ""; VariantName = "[No Variations]"
Added Component: Designator=C2(CAPC1608X90)
Add component (AddParameter): Name = "Check_prices"; Value = "https://www.snapeda.com/parts/CC0603KRX5R9BB105/Yageo/view-part/?ref=eda"; VariantName = "[No Variations]"
Add component (AddParameter): Name = "MF"; Value = "Yageo"; VariantName = "[No Variations]"
Add component (AddParameter): Name = "MP"; Value = "CC0603KRX5R9BB105"; VariantName = "[No Variations]"
Add component (AddParameter): Name = "Package"; Value = "0603 Yageo"; VariantName = "[No Variations]"
Add component (AddParameter): Name = "SnapEDA_Link"; Value = "https://www.snapeda.com/parts/CC0603KRX5R9BB105/Yageo/view-part/?ref=snap"; VariantName = "[No Variations]"
Add component (AddParameter): Name = "Value"; Value = ""; VariantName = "[No Variations]"
Added Component: Designator=C3(CAPC1608X90)
Add component (AddParameter): Name = "Check_prices"; Value = "https://www.snapeda.com/parts/CC0603KRX5R9BB105/Yageo/view-part/?ref=eda"; VariantName = "[No Variations]"
Add component (AddParameter): Name = "MF"; Value = "Yageo"; VariantName = "[No Variations]"
Add component (AddParameter): Name = "MP"; Value = "CC0603KRX5R9BB105"; VariantName = "[No Variations]"
Add component (AddParameter): Name = "Package"; Value = "0603 Yageo"; VariantName = "[No Variations]"
Add component (AddParameter): Name = "SnapEDA_Link"; Value = "https://www.snapeda.com/parts/CC0603KRX5R9BB105/Yageo/view-part/?ref=snap"; VariantName = "[No Variations]"
Add component (AddParameter): Name = "Value"; Value = ""; VariantName = "[No Variations]"
Added Component: Designator=C4(CAPC1608X90)
Add component (AddParameter): Name = "Check_prices"; Value = "https://www.snapeda.com/parts/CC0603KRX5R9BB105/Yageo/view-part/?ref=eda"; VariantName = "[No Variations]"
Add component (AddParameter): Name = "MF"; Value = "Yageo"; VariantName = "[No Variations]"
Add component (AddParameter): Name = "MP"; Value = "CC0603KRX5R9BB105"; VariantName = "[No Variations]"
Add component (AddParameter): Name = "Package"; Value = "0603 Yageo"; VariantName = "[No Variations]"
Add component (AddParameter): Name = "SnapEDA_Link"; Value = "https://www.snapeda.com/parts/CC0603KRX5R9BB105/Yageo/view-part/?ref=snap"; VariantName = "[No Variations]"
Add component (AddParameter): Name = "Value"; Value = ""; VariantName = "[No Variations]"
Add Component: Footprint Not Found CAP_0603_UN1Q
Add Component: Footprint Not Found CAP_0603_UN1Q
Add Component: Footprint Not Found CAP_0603_UN1Q
Add Component: Footprint Not Found CAP_0603_UN1Q
Add Component: Footprint Not Found CAP_0603_UN1Q
Add Component: Footprint Not Found CAP_0603_UN1Q
Add Component: Footprint Not Found CAP_0603_UN1Q
Add Component: Footprint Not Found CAP_0603_UN1Q
Add Component: Footprint Not Found CAP_0603_UN1Q
Add Component: Footprint Not Found CAP_0603_UN1Q
Add Component: Footprint Not Found CAP_0603_UN1Q
Add Component: Footprint Not Found CAP_0603_UN1Q
Add Component: Footprint Not Found CAP_0603_UN1Q
Add Component: Footprint Not Found CAP_0603_UN1Q
Add Component: Footprint Not Found CAP_0603_UN1Q
Add Component: Footprint Not Found CAP_0603_UN1Q
Add Component: Footprint Not Found CAP_0603_UN1Q
Add Component: Footprint Not Found CAP_0603_UN1Q
Add Component: Footprint Not Found CAP_0603_UN1Q
Add Component: Footprint Not Found CAP_0603_UN1Q
Added Component: Designator=D1(DFN61X31X34-2N)
Add component (AddParameter): Name = "Availability"; Value = "Unavailable"; VariantName = "[No Variations]"
Add component (AddParameter): Name = "MF"; Value = "{'manufacturer': u'Taiwan Semiconductor'}"; VariantName = "[No Variations]"
Add component (AddParameter): Name = "MP"; Value = "TESDL5V0B12P1Q0_M7G"; VariantName = "[No Variations]"
Add component (AddParameter): Name = "Package"; Value = "None"; VariantName = "[No Variations]"
Add component (AddParameter): Name = "Price"; Value = "None"; VariantName = "[No Variations]"
Add component (AddParameter): Name = "Value"; Value = ""; VariantName = "[No Variations]"
Added Component: Designator=D2(DFN61X31X34-2N)
Add component (AddParameter): Name = "Availability"; Value = "Unavailable"; VariantName = "[No Variations]"
Add component (AddParameter): Name = "MF"; Value = "{'manufacturer': u'Taiwan Semiconductor'}"; VariantName = "[No Variations]"
Add component (AddParameter): Name = "MP"; Value = "TESDL5V0B12P1Q0_M7G"; VariantName = "[No Variations]"
Add component (AddParameter): Name = "Package"; Value = "None"; VariantName = "[No Variations]"
Add component (AddParameter): Name = "Price"; Value = "None"; VariantName = "[No Variations]"
Add component (AddParameter): Name = "Value"; Value = ""; VariantName = "[No Variations]"
Added Component: Designator=FL1(BEADC0603X33N)
Add component (AddParameter): Name = "Check_prices"; Value = "https://www.snapeda.com/parts/BLM03PX330SZ1D/Murata/view-part/?ref=eda"; VariantName = "[No Variations]"
Add component (AddParameter): Name = "MF"; Value = "Murata"; VariantName = "[No Variations]"
Add component (AddParameter): Name = "MP"; Value = "BLM03PX330SZ1D"; VariantName = "[No Variations]"
Add component (AddParameter): Name = "Package"; Value = "0603 Murata"; VariantName = "[No Variations]"
Add component (AddParameter): Name = "SnapEDA_Link"; Value = "https://www.snapeda.com/parts/BLM03PX330SZ1D/Murata/view-part/?ref=snap"; VariantName = "[No Variations]"
Add component (AddParameter): Name = "Value"; Value = ""; VariantName = "[No Variations]"
Added Component: Designator=FL2(BEADC0603X33N)
Add component (AddParameter): Name = "Check_prices"; Value = "https://www.snapeda.com/parts/BLM03PX330SZ1D/Murata/view-part/?ref=eda"; VariantName = "[No Variations]"
Add component (AddParameter): Name = "MF"; Value = "Murata"; VariantName = "[No Variations]"
Add component (AddParameter): Name = "MP"; Value = "BLM03PX330SZ1D"; VariantName = "[No Variations]"
Add component (AddParameter): Name = "Package"; Value = "0603 Murata"; VariantName = "[No Variations]"
Add component (AddParameter): Name = "SnapEDA_Link"; Value = "https://www.snapeda.com/parts/BLM03PX330SZ1D/Murata/view-part/?ref=snap"; VariantName = "[No Variations]"
Add component (AddParameter): Name = "Value"; Value = ""; VariantName = "[No Variations]"
Add Component: Footprint Not Found FIL_SRFLF-3E3DF-ISB7
Add Component: Footprint Not Found FIL_SRFLF-3E3DF-ISB7
Add Component: Footprint Not Found TP_1mm_UN1Q
Add Component: Footprint Not Found TP_1mm_UN1Q
Added Component: Designator=J3(SAMTEC_RSP-122811-01)
Add component (AddParameter): Name = "Availability"; Value = "Unavailable"; VariantName = "[No Variations]"
Add component (AddParameter): Name = "MF"; Value = "{'manufacturer': u'Samtec Inc.'}"; VariantName = "[No Variations]"
Add component (AddParameter): Name = "MP"; Value = "RSP-122811-01"; VariantName = "[No Variations]"
Add component (AddParameter): Name = "Package"; Value = "None"; VariantName = "[No Variations]"
Add component (AddParameter): Name = "Price"; Value = "None"; VariantName = "[No Variations]"
Add component (AddParameter): Name = "Value"; Value = ""; VariantName = "[No Variations]"
Added Component: Designator=J4(JST_B3B-PH-SM4-TB(LF)(SN))
Add component (AddParameter): Name = "Availability"; Value = "In Stock"; VariantName = "[No Variations]"
Add component (AddParameter): Name = "Check_prices"; Value = "https://www.snapeda.com/parts/B3B-PH-SM4-TB(LF)(SN)/JST+Sales+America+Inc./view-part/?ref=eda"; VariantName = "[No Variations]"
Add component (AddParameter): Name = "MF"; Value = "JST Sales"; VariantName = "[No Variations]"
Add component (AddParameter): Name = "MP"; Value = "B3B-PH-SM4-TB(LF)(SN)"; VariantName = "[No Variations]"
Add component (AddParameter): Name = "Package"; Value = "NON STANDARD-3 JST"; VariantName = "[No Variations]"
Add component (AddParameter): Name = "Price"; Value = "None"; VariantName = "[No Variations]"
Add component (AddParameter): Name = "SnapEDA_Link"; Value = "https://www.snapeda.com/parts/B3B-PH-SM4-TB(LF)(SN)/JST+Sales+America+Inc./view-part/?ref=snap"; VariantName = "[No Variations]"
Add component (AddParameter): Name = "Value"; Value = ""; VariantName = "[No Variations]"
Added Component: Designator=J5(SAMTEC_RSP-122811-01)
Add component (AddParameter): Name = "Availability"; Value = "Unavailable"; VariantName = "[No Variations]"
Add component (AddParameter): Name = "MF"; Value = "{'manufacturer': u'Samtec Inc.'}"; VariantName = "[No Variations]"
Add component (AddParameter): Name = "MP"; Value = "RSP-122811-01"; VariantName = "[No Variations]"
Add component (AddParameter): Name = "Package"; Value = "None"; VariantName = "[No Variations]"
Add component (AddParameter): Name = "Price"; Value = "None"; VariantName = "[No Variations]"
Add component (AddParameter): Name = "Value"; Value = ""; VariantName = "[No Variations]"
Add Component: Footprint Not Found TP_1mm_UN1Q
Add Component: Footprint Not Found TP_1mm_UN1Q
Add Component: Footprint Not Found TP_1mm_UN1Q
Add Component: Footprint Not Found TP_1mm_UN1Q
Add Component: Footprint Not Found TP_1mm_UN1Q
Add Component: Footprint Not Found TP_1mm_UN1Q
Added Component: Designator=J12(SAMTEC_RSP-122811-01)
Add component (AddParameter): Name = "Availability"; Value = "Unavailable"; VariantName = "[No Variations]"
Add component (AddParameter): Name = "MF"; Value = "{'manufacturer': u'Samtec Inc.'}"; VariantName = "[No Variations]"
Add component (AddParameter): Name = "MP"; Value = "RSP-122811-01"; VariantName = "[No Variations]"
Add component (AddParameter): Name = "Package"; Value = "None"; VariantName = "[No Variations]"
Add component (AddParameter): Name = "Price"; Value = "None"; VariantName = "[No Variations]"
Add component (AddParameter): Name = "Value"; Value = ""; VariantName = "[No Variations]"
Add Component: Footprint Not Found TP_1mm_UN1Q
Add Component: Footprint Not Found IND_0603_Coilcraft_0603DC
Add Component: Footprint Not Found TA1735A_SM2016-4
Add Component: Footprint Not Found RES_0603_UN1Q
Add Component: Footprint Not Found RES_0603_UN1Q
Add Component: Footprint Not Found RES_0603_UN1Q
Add Component: Footprint Not Found RES_0603_UN1Q
Add Component: Footprint Not Found RES_0603_UN1Q
Add Component: Footprint Not Found RES_0805_UN1Q
Added Component: Designator=S1(SW_SKY13575-639LF)
Add component (AddParameter): Name = "Check_prices"; Value = "https://www.snapeda.com/parts/SKY13575-639LF/Skyworks+Solution%252C+Inc./view-part/?ref=eda"; VariantName = "[No Variations]"
Add component (AddParameter): Name = "MF"; Value = "Skyworks Solutions"; VariantName = "[No Variations]"
Add component (AddParameter): Name = "MP"; Value = "SKY13575-639LF"; VariantName = "[No Variations]"
Add component (AddParameter): Name = "Package"; Value = "QFN-14 Skyworks Solutions"; VariantName = "[No Variations]"
Add component (AddParameter): Name = "SnapEDA_Link"; Value = "https://www.snapeda.com/parts/SKY13575-639LF/Skyworks+Solution%252C+Inc./view-part/?ref=snap"; VariantName = "[No Variations]"
Add component (AddParameter): Name = "Value"; Value = ""; VariantName = "[No Variations]"
Added Component: Designator=S2(SW_SKY13575-639LF)
Add component (AddParameter): Name = "Check_prices"; Value = "https://www.snapeda.com/parts/SKY13575-639LF/Skyworks+Solution%252C+Inc./view-part/?ref=eda"; VariantName = "[No Variations]"
Add component (AddParameter): Name = "MF"; Value = "Skyworks Solutions"; VariantName = "[No Variations]"
Add component (AddParameter): Name = "MP"; Value = "SKY13575-639LF"; VariantName = "[No Variations]"
Add component (AddParameter): Name = "Package"; Value = "QFN-14 Skyworks Solutions"; VariantName = "[No Variations]"
Add component (AddParameter): Name = "SnapEDA_Link"; Value = "https://www.snapeda.com/parts/SKY13575-639LF/Skyworks+Solution%252C+Inc./view-part/?ref=snap"; VariantName = "[No Variations]"
Add component (AddParameter): Name = "Value"; Value = ""; VariantName = "[No Variations]"
Add Component: Footprint Not Found SW_219-4MST
Added Pin To Net: NetName=3V3_IN Pin=C1-1
Added Pin To Net: NetName=GND Pin=C1-2
Added Pin To Net: NetName=3V3_IN Pin=C2-1
Added Pin To Net: NetName=GND Pin=C2-2
Added Pin To Net: NetName=5V_IN Pin=C3-1
Added Pin To Net: NetName=GND Pin=C3-2
Added Pin To Net: NetName=5V_IN Pin=C4-1
Added Pin To Net: NetName=GND Pin=C4-2
Add Pin To Net: Unknown Pin: Pin C5-1
Add Pin To Net: Unknown Pin: Pin C5-2
Add Pin To Net: Unknown Pin: Pin C6-1
Add Pin To Net: Unknown Pin: Pin C6-2
Add Pin To Net: Unknown Pin: Pin C7-1
Add Pin To Net: Unknown Pin: Pin C7-2
Add Pin To Net: Unknown Pin: Pin C8-1
Add Pin To Net: Unknown Pin: Pin C8-2
Add Pin To Net: Unknown Pin: Pin C9-1
Add Pin To Net: Unknown Pin: Pin C10-1
Add Pin To Net: Unknown Pin: Pin C10-2
Add Pin To Net: Unknown Pin: Pin C11-1
Add Pin To Net: Unknown Pin: Pin C11-2
Add Pin To Net: Unknown Pin: Pin C12-1
Add Pin To Net: Unknown Pin: Pin C12-2
Add Pin To Net: Unknown Pin: Pin C13-1
Add Pin To Net: Unknown Pin: Pin C13-2
Add Pin To Net: Unknown Pin: Pin C14-1
Add Pin To Net: Unknown Pin: Pin C14-2
Add Pin To Net: Unknown Pin: Pin C15-1
Add Pin To Net: Unknown Pin: Pin C15-2
Add Pin To Net: Unknown Pin: Pin C16-1
Add Pin To Net: Unknown Pin: Pin C16-2
Add Pin To Net: Unknown Pin: Pin C17-1
Add Pin To Net: Unknown Pin: Pin C17-2
Add Pin To Net: Unknown Pin: Pin C18-1
Add Pin To Net: Unknown Pin: Pin C18-2
Add Pin To Net: Unknown Pin: Pin C19-1
Add Pin To Net: Unknown Pin: Pin C19-2
Add Pin To Net: Unknown Pin: Pin C20-1
Add Pin To Net: Unknown Pin: Pin C20-2
Add Pin To Net: Unknown Pin: Pin C21-1
Add Pin To Net: Unknown Pin: Pin C21-2
Add Pin To Net: Unknown Pin: Pin C22-1
Add Pin To Net: Unknown Pin: Pin C22-2
Add Pin To Net: Unknown Pin: Pin C23-1
Add Pin To Net: Unknown Pin: Pin C23-2
Add Pin To Net: Unknown Pin: Pin C24-1
Add Pin To Net: Unknown Pin: Pin C24-2
Added Pin To Net: NetName=GND Pin=D1-1
Added Pin To Net: NetName=3V3_IN Pin=D1-2
Added Pin To Net: NetName=GND Pin=D2-1
Added Pin To Net: NetName=5V_IN Pin=D2-2
Added Pin To Net: NetName=3V3_IN Pin=FL1-1
Added Pin To Net: NetName=VDD_3V3 Pin=FL1-2
Added Pin To Net: NetName=5V_IN Pin=FL2-1
Added Pin To Net: NetName=NetFL2_2 Pin=FL2-2
Add Pin To Net: Unknown Pin: Pin FL3-1
Add Pin To Net: Unknown Pin: Pin FL3-2
Add Pin To Net: Unknown Pin: Pin FL3-3
Add Pin To Net: Unknown Pin: Pin FL4-1
Add Pin To Net: Unknown Pin: Pin FL4-2
Add Pin To Net: Unknown Pin: Pin FL4-3
Add Pin To Net: Unknown Pin: Pin J1-1
Add Pin To Net: Unknown Pin: Pin J2-1
Added Pin To Net: NetName=NetJ3_G1 Pin=J3-G1
Added Pin To Net: NetName=NetJ3_G1 Pin=J3-G2
Added Pin To Net: NetName=3V3_IN Pin=J4-1
Added Pin To Net: NetName=GND Pin=J4-2
Added Pin To Net: NetName=5V_IN Pin=J4-3
Added Pin To Net: NetName=NetJ5_G1 Pin=J5-G1
Added Pin To Net: NetName=NetJ5_G1 Pin=J5-G2
Add Pin To Net: Unknown Pin: Pin J6-1
Add Pin To Net: Unknown Pin: Pin J7-1
Add Pin To Net: Unknown Pin: Pin J8-1
Add Pin To Net: Unknown Pin: Pin J9-1
Add Pin To Net: Unknown Pin: Pin J11-1
Added Pin To Net: NetName=NetJ12_G1 Pin=J12-G1
Added Pin To Net: NetName=NetJ12_G1 Pin=J12-G2
Add Pin To Net: Unknown Pin: Pin J13-1
Add Pin To Net: Unknown Pin: Pin L3-1
Add Pin To Net: Unknown Pin: Pin L3-2
Add Pin To Net: Unknown Pin: Pin N1-A
Add Pin To Net: Unknown Pin: Pin N1-B
Add Pin To Net: Unknown Pin: Pin N1-C
Add Pin To Net: Unknown Pin: Pin N1-D
Add Pin To Net: Unknown Pin: Pin R1-1
Add Pin To Net: Unknown Pin: Pin R1-2
Add Pin To Net: Unknown Pin: Pin R2-1
Add Pin To Net: Unknown Pin: Pin R2-2
Add Pin To Net: Unknown Pin: Pin R3-1
Add Pin To Net: Unknown Pin: Pin R3-2
Add Pin To Net: Unknown Pin: Pin R4-1
Add Pin To Net: Unknown Pin: Pin R4-2
Add Pin To Net: Unknown Pin: Pin R5-1
Add Pin To Net: Unknown Pin: Pin R5-2
Add Pin To Net: Unknown Pin: Pin R6-1
Add Pin To Net: Unknown Pin: Pin R6-2
Added Pin To Net: NetName=GND Pin=S1-1
Added Pin To Net: NetName=NetC19_2 Pin=S1-2
Added Pin To Net: NetName=GND Pin=S1-3
Added Pin To Net: NetName=GND Pin=S1-4
Added Pin To Net: NetName=GND Pin=S1-6
Added Pin To Net: NetName=NetC24_1 Pin=S1-7
Added Pin To Net: NetName=NetC15_1 Pin=S1-8
Added Pin To Net: NetName=NetC16_1 Pin=S1-9
Added Pin To Net: NetName=VDD_3V3 Pin=S1-10
Added Pin To Net: NetName=GND Pin=S1-11
Added Pin To Net: NetName=NetC17_1 Pin=S1-12
Added Pin To Net: NetName=GND Pin=S1-13
Added Pin To Net: NetName=NetC12_1 Pin=S1-14
Added Pin To Net: NetName=GND Pin=S1-15
Added Pin To Net: NetName=GND Pin=S2-1
Added Pin To Net: NetName=NetC20_1 Pin=S2-2
Added Pin To Net: NetName=GND Pin=S2-3
Added Pin To Net: NetName=GND Pin=S2-4
Added Pin To Net: NetName=GND Pin=S2-6
Added Pin To Net: NetName=NetC23_2 Pin=S2-7
Added Pin To Net: NetName=NetC14_1 Pin=S2-8
Added Pin To Net: NetName=NetC13_1 Pin=S2-9
Added Pin To Net: NetName=VDD_3V3 Pin=S2-10
Added Pin To Net: NetName=GND Pin=S2-11
Added Pin To Net: NetName=NetC18_2 Pin=S2-12
Added Pin To Net: NetName=GND Pin=S2-13
Added Pin To Net: NetName=NetC11_2 Pin=S2-14
Added Pin To Net: NetName=GND Pin=S2-15
Add Pin To Net: Unknown Pin: Pin S3-1
Add Pin To Net: Unknown Pin: Pin S3-2
Add Pin To Net: Unknown Pin: Pin S3-3
Add Pin To Net: Unknown Pin: Pin S3-4
Add Pin To Net: Unknown Pin: Pin S3-5
Add Pin To Net: Unknown Pin: Pin S3-6
Add Pin To Net: Unknown Pin: Pin S3-7
Add Pin To Net: Unknown Pin: Pin S3-8
Added Member To Class: ClassName=RFOUT DaughterBoard Member=Component C1 CC0603KRX5R9BB105
Added Member To Class: ClassName=RFOUT DaughterBoard Member=Component C2 CC0603KRX5R9BB105
Added Member To Class: ClassName=RFOUT DaughterBoard Member=Component C3 CC0603KRX5R9BB105
Added Member To Class: ClassName=RFOUT DaughterBoard Member=Component C4 CC0603KRX5R9BB105
Add Class Member: Failed to add class member : Component C5 CAP_0603_100p
Add Class Member: Failed to add class member : Component C6 CAP_0603_1u_X7R
Add Class Member: Failed to add class member : Component C7 CAP_0603_1u_X7R
Add Class Member: Failed to add class member : Component C8 CAP_0603_1u_X7R
Add Class Member: Failed to add class member : Component C9 CAP_0603_1u_X7R
Add Class Member: Failed to add class member : Component C10 CAP_0603_100p
Add Class Member: Failed to add class member : Component C11 CAP_0603_100p
Add Class Member: Failed to add class member : Component C12 CAP_0603_100p
Add Class Member: Failed to add class member : Component C13 CAP_0603_100p
Add Class Member: Failed to add class member : Component C14 CAP_0603_100p
Add Class Member: Failed to add class member : Component C15 CAP_0603_100p
Add Class Member: Failed to add class member : Component C16 CAP_0603_100p
Add Class Member: Failed to add class member : Component C17 CAP_0603_100p
Add Class Member: Failed to add class member : Component C18 CAP_0603_100p
Add Class Member: Failed to add class member : Component C19 CAP_0603_100p
Add Class Member: Failed to add class member : Component C20 CAP_0603_100p
Add Class Member: Failed to add class member : Component C21 CAP_0603_NA
Add Class Member: Failed to add class member : Component C22 CAP_0603_NA
Add Class Member: Failed to add class member : Component C23 CAP_0603_100p
Add Class Member: Failed to add class member : Component C24 CAP_0603_100p
Added Member To Class: ClassName=LNA Member=Component C30 CAP_0603_10p
Added Member To Class: ClassName=RFOUT DaughterBoard Member=Component D1 TESDL5V0B12P1Q0_M7G
Added Member To Class: ClassName=RFOUT DaughterBoard Member=Component D2 TESDL5V0B12P1Q0_M7G
Added Member To Class: ClassName=RFOUT DaughterBoard Member=Component FL1 BLM03PX330SZ1D
Added Member To Class: ClassName=RFOUT DaughterBoard Member=Component FL2 BLM03PX330SZ1D
Add Class Member: Failed to add class member : Component FL3 SRFLF-3E3DF-ISB7
Add Class Member: Failed to add class member : Component FL4 SRFLF-3E3DF-ISB7
Add Class Member: Failed to add class member : Component J1 Testpoint, Surface, 1.0mm
Add Class Member: Failed to add class member : Component J2 Testpoint, Surface, 1.0mm
Added Member To Class: ClassName=RFOUT DaughterBoard Member=Component J3 RSP-122811-01
Added Member To Class: ClassName=RFOUT DaughterBoard Member=Component J4 B3B-PH-SM4-TB(LF)(SN)
Added Member To Class: ClassName=RFOUT DaughterBoard Member=Component J5 RSP-122811-01
Add Class Member: Failed to add class member : Component J6 Testpoint, Surface, 1.0mm
Add Class Member: Failed to add class member : Component J7 Testpoint, Surface, 1.0mm
Add Class Member: Failed to add class member : Component J8 Testpoint, Surface, 1.0mm
Add Class Member: Failed to add class member : Component J9 Testpoint, Surface, 1.0mm
Add Class Member: Failed to add class member : Component J10 Testpoint, Surface, 1.0mm
Add Class Member: Failed to add class member : Component J11 Testpoint, Surface, 1.0mm
Added Member To Class: ClassName=FB Member=Component J12 RSP-122811-01
Add Class Member: Failed to add class member : Component J13 Testpoint, Surface, 1.0mm
Add Class Member: Failed to add class member : Component L3 IND_0603_68nH_Coilcraft_DC
Add Class Member: Failed to add class member : Component N1 TA1735A
Add Class Member: Failed to add class member : Component R1 RES_0603_0R
Add Class Member: Failed to add class member : Component R2 RES_0603_1k
Add Class Member: Failed to add class member : Component R3 RES_0603_1k
Add Class Member: Failed to add class member : Component R4 RES_0603_1k
Add Class Member: Failed to add class member : Component R5 RES_0603_1k
Add Class Member: Failed to add class member : Component R6 RES_0805_0R0
Added Member To Class: ClassName=FB Member=Component S1 SKY13575-639LF
Added Member To Class: ClassName=FB Member=Component S2 SKY13575-639LF
Add Class Member: Failed to add class member : Component S3 219-4MST
