Change Component Footprint: Designator=C? Old Footprint=CAP_0603_UN1Q New Footprint=CAP_0603_UN1Q
Change Component Footprint: Designator=C? Old Footprint=CAP_0603_UN1Q New Footprint=CAP_0603_UN1Q
Change Component Footprint: Designator=C? Old Footprint=CAP_0603_UN1Q New Footprint=CAP_0603_UN1Q
Change Component Footprint: Designator=C? Old Footprint=CAP_0603_UN1Q New Footprint=CAP_0603_UN1Q
Change Component Footprint: Designator=C? Old Footprint=CAP_0603_UN1Q New Footprint=CAP_0603_UN1Q
Change Component Footprint: Designator=C? Old Footprint=CAP_0603_UN1Q New Footprint=CAP_0603_UN1Q
Change Component Footprint: Designator=C? Old Footprint=CAP_0603_UN1Q New Footprint=CAP_0603_UN1Q
Change Component Footprint: Designator=C? Old Footprint=CAP_0603_UN1Q New Footprint=CAP_0603_UN1Q
Change Component Footprint: Designator=C? Old Footprint=CAP_0603_UN1Q New Footprint=CAP_0603_UN1Q
Change Component Footprint: Designator=C? Old Footprint=CAP_0603_UN1Q New Footprint=CAP_0603_UN1Q
Change Component Footprint: Designator=C? Old Footprint=CAP_0603_UN1Q New Footprint=CAP_0603_UN1Q
Change Component Footprint: Designator=C? Old Footprint=CAP_0603_UN1Q New Footprint=CAP_0603_UN1Q
Change Component Footprint: Designator=C? Old Footprint=CAP_0603_UN1Q New Footprint=CAP_0603_UN1Q
Change Component Footprint: Designator=C? Old Footprint=CAP_0603_UN1Q New Footprint=CAP_0603_UN1Q
Change Component Footprint: Designator=C? Old Footprint=CAP_0603_UN1Q New Footprint=CAP_0603_UN1Q
Change Component Footprint: Designator=C? Old Footprint=CAP_0603_UN1Q New Footprint=CAP_0603_UN1Q
Change Component Footprint: Designator=N? Old Footprint=DFN8_P50_200x200x95_QORVO New Footprint=DFN8_P50_200x200x95_QORVO
Change Component Footprint: Designator=L? Old Footprint=IND_0603_Coilcraft_0603DC New Footprint=IND_0603_Coilcraft_0603DC
Change Component Footprint: Designator=L? Old Footprint=IND_0603_UN1Q_LQW New Footprint=IND_0603_UN1Q_LQW
Change Component Footprint: Designator=R? Old Footprint=RES_0603_UN1Q New Footprint=RES_0603_UN1Q
Change Component Footprint: Designator=R? Old Footprint=RES_0603_UN1Q New Footprint=RES_0603_UN1Q
Change Component Footprint: Designator=R? Old Footprint=RES_0603_UN1Q New Footprint=RES_0603_UN1Q
Change Component Footprint: Designator=R? Old Footprint=RES_0603_UN1Q New Footprint=RES_0603_UN1Q
Add component: Footprint Not Found SKY13370-374LF_SKY
Add Net: Net with name "NetC?_1" already exists
Add Net: Net with name "NetC?_1" already exists
Add Net: Net with name "NetC?_1" already exists
Add Net: Net with name "NetC?_2" already exists
Add Net: Net with name "NetC?_2" already exists
Add Net: Net with name "NetC?_2" already exists
Add Net: Net with name "NetC?_2" already exists
Add Net: Net with name "NetC?_2" already exists
Add Net: Net with name "NetC?_2" already exists
Added Member To Class: ClassName=Sheet1 Member=Component C? CAP_0603_10u_10V_X7R
Added Member To Class: ClassName=Sheet1 Member=Component C? CAP_0603_10p
Added Member To Class: ClassName=Sheet1 Member=Component C? CAP_0603_1u_X7R
Added Member To Class: ClassName=Sheet1 Member=Component C? CAP_0603_1n_100V_X7R
Added Member To Class: ClassName=Sheet1 Member=Component C? CAP_0603_100p
Added Member To Class: ClassName=Sheet1 Member=Component C? CAP_0603_1u_X7R
Added Member To Class: ClassName=Sheet1 Member=Component C? CAP_0603_22u_6.3V_X6S
Added Member To Class: ClassName=Sheet1 Member=Component C? CAP_0603_NA
Added Member To Class: ClassName=Sheet1 Member=Component C? CAP_0603_100p
Added Member To Class: ClassName=Sheet1 Member=Component C? CAP_0603_1p
Added Member To Class: ClassName=Sheet1 Member=Component C? CAP_0603_100p
Added Member To Class: ClassName=Sheet1 Member=Component C? CAP_0603_1u_X7R
Added Member To Class: ClassName=Sheet1 Member=Component C? CAP_0603_22p
Added Member To Class: ClassName=Sheet1 Member=Component C? CAP_0603_100p
Added Member To Class: ClassName=Sheet1 Member=Component C? CAP_0603_2u2_25V_X7R
Added Member To Class: ClassName=Sheet1 Member=Component L? IND_0603_3n
Added Member To Class: ClassName=Sheet1 Member=Component L? IND_0603_68nH_Coilcraft_DC
Added Member To Class: ClassName=Sheet1 Member=Component L? IND_0603_30n
Added Member To Class: ClassName=Sheet1 Member=Component L? IND_0603_5_6n
Added Member To Class: ClassName=Sheet1 Member=Component L? IND_0603_18nH_LQW
Added Member To Class: ClassName=Sheet1 Member=Component L? IND_0603_25n
Added Member To Class: ClassName=Sheet1 Member=Component R? RES_0603_0R
Added Member To Class: ClassName=Sheet1 Member=Component R? RES_0603_10R
Added Member To Class: ClassName=Sheet1 Member=Component R? RES_0603_470R
Add Class Member: Failed to add class member : Component U? SKY13370-374LF
