Remove Pin from Net: Failed to remove Pin
Remove Pin from Net: Failed to remove Pin
Remove Pin from Net: Failed to remove Pin
Remove Pin from Net: Failed to remove Pin
Remove Pin from Net: Failed to remove Pin
Remove Pin from Net: Failed to remove Pin
Remove Pin from Net: Failed to remove Pin
Remove Pin from Net: Failed to remove Pin
Removed Pin From Net: NetName=GND Pin=C?-2
Remove Pin from Net: Failed to remove Pin
Remove Pin from Net: Failed to remove Pin
Remove Pin from Net: Failed to remove Pin
Remove Pin from Net: Failed to remove Pin
Remove Pin from Net: Failed to remove Pin
Remove Pin from Net: Failed to remove Pin
Remove Pin from Net: Failed to remove Pin
Remove Pin from Net: Failed to remove Pin
Remove Pin from Net: Failed to remove Pin
Removed Pin From Net: NetName=GND Pin=N?-1
Remove Pin from Net: Failed to remove Pin
Remove Pin from Net: Failed to remove Pin
Removed Pin From Net: NetName=GND Pin=N?-2
Removed Pin From Net: NetName=GND Pin=N?-3
Remove Pin from Net: Failed to remove Pin
Remove Pin from Net: Failed to remove Pin
Removed Pin From Net: NetName=GND Pin=N?-4
Remove Pin from Net: Failed to remove Pin
Remove Pin from Net: Failed to remove Pin
Removed Pin From Net: NetName=GND Pin=N?-5
Remove Pin from Net: Unknown Pin: Pin N?-6
Remove Pin from Net: Unknown Pin: Pin N?-6
Removed Pin From Net: NetName=VDD_3V3 Pin=N?-8
Remove Pin from Net: Unknown Pin: Pin N?-10
Remove Pin from Net: Unknown Pin: Pin N?-10
Remove Pin from Net: Unknown Pin: Pin N?-11
Remove Pin from Net: Unknown Pin: Pin N?-11
Remove Pin from Net: Unknown Pin: Pin N?-13
Remove Pin from Net: Unknown Pin: Pin N?-13
Remove Pin from Net: Unknown Pin: Pin N?-15
Remove Pin from Net: Unknown Pin: Pin N?-15
Removed Pin From Net: NetName=VDD_3V3 Pin=R?-2
Remove Pin from Net: Failed to remove Pin
Remove Pin from Net: Failed to remove Pin
Remove Pin from Net: Failed to remove Pin
Removed Pin From Net: NetName=GND Pin=S?-5
Removed Pin From Net: NetName=GND Pin=S?-6
Removed Pin From Net: NetName=GND Pin=S?-7
Removed Pin From Net: NetName=GND Pin=S?-8
Removed Member From Class: ClassName=LNA Member=N?
Removed Member From Class: ClassName=LNA Member=R?
Change Component Designator: OldDesignator=C? NewDesignator=C25
Change Component Designator: OldDesignator=C? NewDesignator=C26
Change Component Designator: OldDesignator=C? NewDesignator=C27
Change Component Designator: OldDesignator=C? NewDesignator=C28
Change Component Designator: OldDesignator=C? NewDesignator=C29
Change Component Designator: OldDesignator=C? NewDesignator=C30
Change Component Designator: OldDesignator=C? NewDesignator=C31
Change Component Designator: OldDesignator=C? NewDesignator=C32
Change Component Designator: OldDesignator=C? NewDesignator=C33
Change Component Designator: OldDesignator=C? NewDesignator=C34
Change Component Designator: OldDesignator=C? NewDesignator=C35
Change Component Designator: OldDesignator=L? NewDesignator=L1
Change Component Designator: OldDesignator=L? NewDesignator=L2
Change Component Designator: OldDesignator=L? NewDesignator=L4
Change Component Designator: OldDesignator=L? NewDesignator=L5
Change Component Designator: OldDesignator=L? NewDesignator=L6
Change Component Designator: OldDesignator=N? NewDesignator=N2
Change Component Designator: OldDesignator=R? NewDesignator=R7
Change Component Designator: OldDesignator=R? NewDesignator=R8
Change Component Designator: OldDesignator=R? NewDesignator=R9
Add Component: Footprint Not Found CAPC1608X90
Add Component: Footprint Not Found CAPC1608X90
Add Component: Footprint Not Found CAPC1608X90
Add Component: Footprint Not Found CAPC1608X90
Add Component: Footprint Not Found CAP_0603_UN1Q
Add Component: Footprint Not Found CAP_0603_UN1Q
Add Component: Footprint Not Found CAP_0603_UN1Q
Add Component: Footprint Not Found CAP_0603_UN1Q
Add Component: Footprint Not Found CAP_0603_UN1Q
Add Component: Footprint Not Found CAP_0603_UN1Q
Add Component: Footprint Not Found CAP_0603_UN1Q
Add Component: Footprint Not Found CAP_0603_UN1Q
Add Component: Footprint Not Found CAP_0603_UN1Q
Add Component: Footprint Not Found CAP_0603_UN1Q
Add Component: Footprint Not Found CAP_0603_UN1Q
Add Component: Footprint Not Found CAP_0603_UN1Q
Add Component: Footprint Not Found CAP_0603_UN1Q
Add Component: Footprint Not Found CAP_0603_UN1Q
Add Component: Footprint Not Found CAP_0603_UN1Q
Add Component: Footprint Not Found CAP_0603_UN1Q
Add Component: Footprint Not Found CAP_0603_UN1Q
Add Component: Footprint Not Found CAP_0603_UN1Q
Add Component: Footprint Not Found CAP_0603_UN1Q
Add Component: Footprint Not Found CAP_0603_UN1Q
Add Component: Footprint Not Found DFN61X31X34-2N
Add Component: Footprint Not Found DFN61X31X34-2N
Add Component: Footprint Not Found BEADC0603X33N
Add Component: Footprint Not Found BEADC0603X33N
Add Component: Footprint Not Found FIL_SRFLF-3E3DF-ISB7
Add Component: Footprint Not Found FIL_SRFLF-3E3DF-ISB7
Add Component: Footprint Not Found TP_1mm_UN1Q
Add Component: Footprint Not Found TP_1mm_UN1Q
Add Component: Footprint Not Found SAMTEC_RSP-122811-01
Add Component: Footprint Not Found JST_B3B-PH-SM4-TB(LF)(SN)
Add Component: Footprint Not Found SAMTEC_RSP-122811-01
Add Component: Footprint Not Found TP_1mm_UN1Q
Add Component: Footprint Not Found TP_1mm_UN1Q
Add Component: Footprint Not Found TP_1mm_UN1Q
Add Component: Footprint Not Found TP_1mm_UN1Q
Add Component: Footprint Not Found TP_1mm_UN1Q
Add Component: Footprint Not Found TP_1mm_UN1Q
Add Component: Footprint Not Found SAMTEC_RSP-122811-01
Add Component: Footprint Not Found TP_1mm_UN1Q
Add Component: Footprint Not Found IND_0603_Coilcraft_0603DC
Add Component: Footprint Not Found TA1735A_SM2016-4
Add Component: Footprint Not Found RES_0603_UN1Q
Add Component: Footprint Not Found RES_0603_UN1Q
Add Component: Footprint Not Found RES_0603_UN1Q
Add Component: Footprint Not Found RES_0603_UN1Q
Add Component: Footprint Not Found RES_0603_UN1Q
Add Component: Footprint Not Found RES_0805_UN1Q
Add Component: Footprint Not Found SW_SKY13575-639LF
Add Component: Footprint Not Found SW_SKY13575-639LF
Add Component: Footprint Not Found SW_219-4MST
Add Pin To Net: Unknown Pin: Pin C1-2
Add Pin To Net: Unknown Pin: Pin C2-2
Add Pin To Net: Unknown Pin: Pin C3-2
Add Pin To Net: Unknown Pin: Pin C4-2
Add Pin To Net: Unknown Pin: Pin C5-2
Add Pin To Net: Unknown Pin: Pin C6-1
Add Pin To Net: Unknown Pin: Pin C7-1
Add Pin To Net: Unknown Pin: Pin C8-1
Add Pin To Net: Unknown Pin: Pin C9-1
Add Pin To Net: Unknown Pin: Pin C10-2
Add Pin To Net: Unknown Pin: Pin C13-2
Add Pin To Net: Unknown Pin: Pin C14-2
Add Pin To Net: Unknown Pin: Pin C15-2
Add Pin To Net: Unknown Pin: Pin C16-2
Add Pin To Net: Unknown Pin: Pin C21-1
Add Pin To Net: Unknown Pin: Pin C22-1
Add Pin To Net: Unknown Pin: Pin D1-1
Add Pin To Net: Unknown Pin: Pin D2-1
Add Pin To Net: Unknown Pin: Pin FL3-2
Add Pin To Net: Unknown Pin: Pin FL4-2
Add Pin To Net: Unknown Pin: Pin J4-2
Add Pin To Net: Unknown Pin: Pin J13-1
Add Pin To Net: Unknown Pin: Pin L3-2
Add Pin To Net: Unknown Pin: Pin N1-A
Add Pin To Net: Unknown Pin: Pin N1-C
Add Pin To Net: Unknown Pin: Pin R6-2
Add Pin To Net: Unknown Pin: Pin S1-1
Add Pin To Net: Unknown Pin: Pin S1-3
Add Pin To Net: Unknown Pin: Pin S1-4
Add Pin To Net: Unknown Pin: Pin S1-6
Add Pin To Net: Unknown Pin: Pin S1-11
Add Pin To Net: Unknown Pin: Pin S1-13
Add Pin To Net: Unknown Pin: Pin S1-15
Add Pin To Net: Unknown Pin: Pin S2-1
Add Pin To Net: Unknown Pin: Pin S2-3
Add Pin To Net: Unknown Pin: Pin S2-4
Add Pin To Net: Unknown Pin: Pin S2-6
Add Pin To Net: Unknown Pin: Pin S2-11
Add Pin To Net: Unknown Pin: Pin S2-13
Add Pin To Net: Unknown Pin: Pin S2-15
Add Pin To Net: Unknown Pin: Pin S3-5
Add Pin To Net: Unknown Pin: Pin S3-6
Add Pin To Net: Unknown Pin: Pin S3-7
Add Pin To Net: Unknown Pin: Pin S3-8
Change Net Name : Old Net Name=NetC?_1 New Net Name=NetC25_1
Change Net Name : Old Net Name=NetC?_2 New Net Name=NetC31_2
Change Net Name : Old Net Name=NetL?_1 New Net Name=NetL5_1
Change Net Name : Old Net Name=NetR?_1 New Net Name=NetR7_1
Change Net Name : Old Net Name=VDD_3V3 New Net Name=NetC27_2
Added Net: Name=3V3_IN
Added Net: Name=5V_IN
Added Net: Name=NetC11_1
Added Net: Name=NetC11_2
Added Net: Name=NetC12_1
Added Net: Name=NetC12_2
Added Net: Name=NetC13_1
Added Net: Name=NetC14_1
Added Net: Name=NetC15_1
Added Net: Name=NetC16_1
Added Net: Name=NetC17_1
Added Net: Name=NetC17_2
Added Net: Name=NetC18_1
Added Net: Name=NetC18_2
Added Net: Name=NetC19_1
Added Net: Name=NetC19_2
Added Net: Name=NetC20_1
Added Net: Name=NetC20_2
Added Net: Name=NetC22_2
Added Net: Name=NetC23_1
Added Net: Name=NetC23_2
Added Net: Name=NetC24_1
Added Net: Name=NetC24_2
Added Pin To Net: NetName=NetC25_2 Pin=C25-2
Added Pin To Net: NetName=NetC25_2 Pin=C31-1
Added Net: Name=NetC25_2
Added Pin To Net: NetName=NetC26_1 Pin=C26-1
Added Net: Name=NetC26_1
Added Pin To Net: NetName=NetC26_2 Pin=C26-2
Added Pin To Net: NetName=NetC26_2 Pin=L2-2
Added Net: Name=NetC26_2
Added Pin To Net: NetName=NetC30_2 Pin=C30-2
Added Pin To Net: NetName=NetC30_2 Pin=L1-2
Added Pin To Net: NetName=NetC30_2 Pin=L2-1
Added Pin To Net: NetName=NetC30_2 Pin=L4-2
Added Net: Name=NetC30_2
Added Pin To Net: NetName=NetC32_1 Pin=C32-1
Added Pin To Net: NetName=NetC32_1 Pin=C33-2
Added Pin To Net: NetName=NetC32_1 Pin=L6-2
Added Net: Name=NetC32_1
Added Pin To Net: NetName=NetC32_2 Pin=C32-2
Added Pin To Net: NetName=NetC32_2 Pin=R7-2
Added Pin To Net: NetName=NetC32_2 Pin=R9-2
Added Net: Name=NetC32_2
Added Pin To Net: NetName=NetC33_1 Pin=C33-1
Added Pin To Net: NetName=NetC33_1 Pin=N2-7
Added Net: Name=NetC33_1
Added Pin To Net: NetName=NetC34_2 Pin=C34-2
Added Pin To Net: NetName=NetC34_2 Pin=N2-4
Added Net: Name=NetC34_2
Added Pin To Net: NetName=NetC35_2 Pin=C35-2
Added Pin To Net: NetName=NetC35_2 Pin=N2-5
Added Net: Name=NetC35_2
Added Net: Name=NetFL2_2
Added Net: Name=NetJ3_G1
Added Net: Name=NetJ5_G1
Added Net: Name=NetJ12_G1
Added Pin To Net: NetName=NetL3_1 Pin=N2-8
Added Net: Name=NetL3_1
Added Net: Name=VDD_3V3
Added Class: Name=FB
Added Class: Name=RFOUT DaughterBoard
Added Class: Name=RF
Added Member To Class: ClassName=LNA Member=Component C25 CAP_0603_1p
Added Member To Class: ClassName=LNA Member=Component C26 CAP_0603_1p
Added Member To Class: ClassName=LNA Member=Component C27 CAP_0603_1u_X7R
Added Member To Class: ClassName=LNA Member=Component C28 CAP_0603_1u_X7R
Added Member To Class: ClassName=LNA Member=Component C29 CAP_0603_1u_X7R
Added Member To Class: ClassName=LNA Member=Component C31 CAP_0603_100p
Added Member To Class: ClassName=LNA Member=Component C32 CAP_0603_22p
Added Member To Class: ClassName=LNA Member=Component C33 CAP_0603_100p
Added Member To Class: ClassName=LNA Member=Component C34 CAP_0603_100p
Added Member To Class: ClassName=LNA Member=Component C35 CAP_0603_100p
Add Class Member: Failed to add class member : Component J13 Testpoint, Surface, 1.0mm
Added Member To Class: ClassName=LNA Member=Component L1 IND_0603_30n
Added Member To Class: ClassName=LNA Member=Component L2 IND_0603_30n
Add Class Member: Failed to add class member : Component L3 IND_0603_68nH_Coilcraft_DC
Added Member To Class: ClassName=LNA Member=Component L4 IND_0603_3n
Added Member To Class: ClassName=LNA Member=Component L5 IND_0603_5_6n
Added Member To Class: ClassName=LNA Member=Component L6 IND_0603_25n
Added Member To Class: ClassName=LNA Member=Component N2 QPL9095
Add Class Member: Failed to add class member : Component R6 RES_0805_0R0
Added Member To Class: ClassName=LNA Member=Component R7 RES_0603_10R
Added Member To Class: ClassName=LNA Member=Component R8 RES_0603_470R
Added Member To Class: ClassName=LNA Member=Component R9 RES_0603_470R
Added Rule: Name=Schematic Supply Nets_2
Added Rule: Name=Schematic Supply Nets_3
