Add component: Footprint Not Found CAP Ceramic SMD 0402
Add component: Footprint Not Found CAP Ceramic SMD 1210
Add component: Footprint Not Found CAP Ceramic SMD 1206
Add component: Footprint Not Found CAP Ceramic SMD 0603
Add component: Footprint Not Found CAP Ceramic SMD 0603
Add component: Footprint Not Found CAP Ceramic SMD 0603
Add component: Footprint Not Found CAP Ceramic SMD 1210
Add component: Footprint Not Found CAP Ceramic SMD 1210
Add component: Footprint Not Found CAP Ceramic SMD 0402
Add component: Footprint Not Found CAP Ceramic SMD 1206
Add component: Footprint Not Found CAP Ceramic SMD 0603
Add component: Footprint Not Found CAP Ceramic SMD 0603
Add component: Footprint Not Found CAP Ceramic SMD 0805
Add component: Footprint Not Found CAP Ceramic SMD 0603
Add component: Footprint Not Found CAP Ceramic SMD 0603
Add component: Footprint Not Found CAP Ceramic SMD 0603
Add component: Footprint Not Found CAP Ceramic SMD 0805
Add component: Footprint Not Found CAP Ceramic SMD 0603
Add component: Footprint Not Found CAP Ceramic SMD 0603
Add component: Footprint Not Found CAP Ceramic SMD 0603
Add component: Footprint Not Found CAP Ceramic SMD 0603
Add component: Footprint Not Found CAP Ceramic SMD 0603
Add component: Footprint Not Found DO-214AB
Add component: Footprint Not Found Fuse SMD 2410 MFG
Add component: Footprint Not Found XT30PW-M
Add component: Footprint Not Found IND SMD VLS6045EX
Add component: Footprint Not Found IND SMD 1210
Add component: Footprint Not Found RES SMD 0603
Add component: Footprint Not Found RES SMD 0603
Add component: Footprint Not Found RES SMD 0603
Add component: Footprint Not Found RES SMD 0603
Add component: Footprint Not Found RES SMD 0603
Add component: Footprint Not Found RES SMD 0603
Add component: Footprint Not Found RES SMD 0603
Add component: Footprint Not Found RES SMD 0603
Add component: Footprint Not Found RES SMD 0603
Add component: Footprint Not Found RES SMD 0603
Add component: Footprint Not Found RES SMD 0603
Add component: Footprint Not Found RES SMD 0603
Add component: Footprint Not Found CAP Ceramic SMD 0402
Add component: Footprint Not Found RES SMD 0603
Add component: Footprint Not Found RES SMD 0603
Add component: Footprint Not Found RES SMD 0603
Add component: Footprint Not Found RES SMD 0603
Add component: Footprint Not Found RES SMD 0603
Add component: Footprint Not Found RES SMD 0603
Add component: Footprint Not Found RES SMD 0603
Add component: Footprint Not Found RES SMD 0603
Add component: Footprint Not Found RES SMD 0603
Add component: Footprint Not Found RES SMD 0603
Add component: Footprint Not Found RES SMD 0603
Add component: Footprint Not Found RES SMD 0603
Add component: Footprint Not Found RES SMD 0603
Add component: Footprint Not Found RES SMD 0603
Add component: Footprint Not Found RES SMD 0603
Add component: Footprint Not Found RES SMD 0603
Add component: Footprint Not Found RES SMD 0603
Add component: Footprint Not Found RES SMD 0603
Add component: Footprint Not Found RES SMD 0603
Add component: Footprint Not Found RES SMD 0603
Add component: Footprint Not Found RES SMD 0603
Add component: Footprint Not Found RES SMD 0603
Add component: Footprint Not Found RES SMD 0603
Add component: Footprint Not Found RES SMD 0603
Add component: Footprint Not Found RES SMD 0603
Add component: Footprint Not Found RES SMD 0603
Add component: Footprint Not Found RES SMD 0603
Add component: Footprint Not Found TestPoint Surface 0.8mm
Add component: Footprint Not Found SOT-223
Add component: Footprint Not Found LMR14050
Add component: Footprint Not Found QFN48 6x6
Add component: Footprint Not Found XTAL_ECS-160-9-37-CKM-TR
Add Pin To Net: Unknown Pin: Pin C?-1
Add Pin To Net: Unknown Pin: Pin C?-1
Add Pin To Net: Unknown Pin: Pin C?-1
Add Pin To Net: Unknown Pin: Pin C?-1
Add Pin To Net: Unknown Pin: Pin C?-1
Add Pin To Net: Unknown Pin: Pin C?-1
Add Pin To Net: Unknown Pin: Pin C?-1
Add Pin To Net: Unknown Pin: Pin C?-1
Add Pin To Net: Unknown Pin: Pin C?-1
Add Pin To Net: Unknown Pin: Pin C?-1
Add Pin To Net: Unknown Pin: Pin C?-1
Add Pin To Net: Unknown Pin: Pin C?-1
Add Pin To Net: Unknown Pin: Pin C?-1
Add Pin To Net: Unknown Pin: Pin C?-1
Add Pin To Net: Unknown Pin: Pin C?-1
Add Pin To Net: Unknown Pin: Pin C?-1
Add Pin To Net: Unknown Pin: Pin C?-1
Add Pin To Net: Unknown Pin: Pin C?-2
Add Pin To Net: Unknown Pin: Pin C?-2
Add Pin To Net: Unknown Pin: Pin C?-2
Add Pin To Net: Unknown Pin: Pin C?-2
Add Pin To Net: Unknown Pin: Pin C?-2
Add Pin To Net: Unknown Pin: Pin C?-2
Add Pin To Net: Unknown Pin: Pin C?-2
Add Pin To Net: Unknown Pin: Pin C?-2
Add Pin To Net: Unknown Pin: Pin C?-2
Add Pin To Net: Unknown Pin: Pin C?-2
Add Pin To Net: Unknown Pin: Pin C?-2
Add Pin To Net: Unknown Pin: Pin C?-2
Add Pin To Net: Unknown Pin: Pin C?-2
Add Pin To Net: Unknown Pin: Pin C?-2
Add Pin To Net: Unknown Pin: Pin C?-2
Add Pin To Net: Unknown Pin: Pin C?-2
Add Pin To Net: Unknown Pin: Pin C?-2
Add Pin To Net: Unknown Pin: Pin C?-2
Add Pin To Net: Unknown Pin: Pin C?-2
Add Pin To Net: Unknown Pin: Pin C?-2
Add Pin To Net: Unknown Pin: Pin C?-2
Add Pin To Net: Unknown Pin: Pin C?-2
Add Pin To Net: Unknown Pin: Pin D?-1
Add Pin To Net: Unknown Pin: Pin D?-2
Add Pin To Net: Unknown Pin: Pin F?-1
Add Pin To Net: Unknown Pin: Pin F?-2
Add Pin To Net: Unknown Pin: Pin J?-1
Add Pin To Net: Unknown Pin: Pin J?-2
Add Pin To Net: Unknown Pin: Pin L?-1
Add Pin To Net: Unknown Pin: Pin L?-1
Add Pin To Net: Unknown Pin: Pin L?-2
Add Pin To Net: Unknown Pin: Pin L?-2
Add Pin To Net: Unknown Pin: Pin R?-1
Add Pin To Net: Unknown Pin: Pin R?-1
Add Pin To Net: Unknown Pin: Pin R?-1
Add Pin To Net: Unknown Pin: Pin R?-1
Add Pin To Net: Unknown Pin: Pin R?-1
Add Pin To Net: Unknown Pin: Pin R?-1
Add Pin To Net: Unknown Pin: Pin R?-1
Add Pin To Net: Unknown Pin: Pin R?-1
Add Pin To Net: Unknown Pin: Pin R?-1
Add Pin To Net: Unknown Pin: Pin R?-1
Add Pin To Net: Unknown Pin: Pin R?-1
Add Pin To Net: Unknown Pin: Pin R?-1
Add Pin To Net: Unknown Pin: Pin R?-1
Add Pin To Net: Unknown Pin: Pin R?-1
Add Pin To Net: Unknown Pin: Pin R?-1
Add Pin To Net: Unknown Pin: Pin R?-1
Add Pin To Net: Unknown Pin: Pin R?-1
Add Pin To Net: Unknown Pin: Pin R?-1
Add Pin To Net: Unknown Pin: Pin R?-1
Add Pin To Net: Unknown Pin: Pin R?-1
Add Pin To Net: Unknown Pin: Pin R?-1
Add Pin To Net: Unknown Pin: Pin R?-1
Add Pin To Net: Unknown Pin: Pin R?-1
Add Pin To Net: Unknown Pin: Pin R?-1
Add Pin To Net: Unknown Pin: Pin R?-1
Add Pin To Net: Unknown Pin: Pin R?-1
Add Pin To Net: Unknown Pin: Pin R?-1
Add Pin To Net: Unknown Pin: Pin R?-1
Add Pin To Net: Unknown Pin: Pin R?-1
Add Pin To Net: Unknown Pin: Pin R?-1
Add Pin To Net: Unknown Pin: Pin R?-1
Add Pin To Net: Unknown Pin: Pin R?-1
Add Pin To Net: Unknown Pin: Pin R?-1
Add Pin To Net: Unknown Pin: Pin R?-1
Add Pin To Net: Unknown Pin: Pin R?-1
Add Pin To Net: Unknown Pin: Pin R?-1
Add Pin To Net: Unknown Pin: Pin R?-1
Add Pin To Net: Unknown Pin: Pin R?-1
Add Pin To Net: Unknown Pin: Pin R?-2
Add Pin To Net: Unknown Pin: Pin R?-2
Add Pin To Net: Unknown Pin: Pin R?-2
Add Pin To Net: Unknown Pin: Pin R?-2
Add Pin To Net: Unknown Pin: Pin R?-2
Add Pin To Net: Unknown Pin: Pin R?-2
Add Pin To Net: Unknown Pin: Pin R?-2
Add Pin To Net: Unknown Pin: Pin R?-2
Add Pin To Net: Unknown Pin: Pin R?-2
Add Pin To Net: Unknown Pin: Pin R?-2
Add Pin To Net: Unknown Pin: Pin R?-2
Add Pin To Net: Unknown Pin: Pin R?-2
Add Pin To Net: Unknown Pin: Pin R?-2
Add Pin To Net: Unknown Pin: Pin R?-2
Add Pin To Net: Unknown Pin: Pin R?-2
Add Pin To Net: Unknown Pin: Pin R?-2
Add Pin To Net: Unknown Pin: Pin R?-2
Add Pin To Net: Unknown Pin: Pin R?-2
Add Pin To Net: Unknown Pin: Pin R?-2
Add Pin To Net: Unknown Pin: Pin R?-2
Add Pin To Net: Unknown Pin: Pin R?-2
Add Pin To Net: Unknown Pin: Pin R?-2
Add Pin To Net: Unknown Pin: Pin R?-2
Add Pin To Net: Unknown Pin: Pin R?-2
Add Pin To Net: Unknown Pin: Pin R?-2
Add Pin To Net: Unknown Pin: Pin R?-2
Add Pin To Net: Unknown Pin: Pin R?-2
Add Pin To Net: Unknown Pin: Pin R?-2
Add Pin To Net: Unknown Pin: Pin R?-2
Add Pin To Net: Unknown Pin: Pin R?-2
Add Pin To Net: Unknown Pin: Pin R?-2
Add Pin To Net: Unknown Pin: Pin R?-2
Add Pin To Net: Unknown Pin: Pin R?-2
Add Pin To Net: Unknown Pin: Pin R?-2
Add Pin To Net: Unknown Pin: Pin TP?-1
Add Pin To Net: Unknown Pin: Pin U?-1
Add Pin To Net: Unknown Pin: Pin U?-1
Add Pin To Net: Unknown Pin: Pin U?-2
Add Pin To Net: Unknown Pin: Pin U?-2
Add Pin To Net: Unknown Pin: Pin U?-2
Add Pin To Net: Unknown Pin: Pin U?-3
Add Pin To Net: Unknown Pin: Pin U?-3
Add Pin To Net: Unknown Pin: Pin U?-3
Add Pin To Net: Unknown Pin: Pin U?-4
Add Pin To Net: Unknown Pin: Pin U?-5
Add Pin To Net: Unknown Pin: Pin U?-5
Add Pin To Net: Unknown Pin: Pin U?-6
Add Pin To Net: Unknown Pin: Pin U?-6
Add Pin To Net: Unknown Pin: Pin U?-7
Add Pin To Net: Unknown Pin: Pin U?-7
Add Pin To Net: Unknown Pin: Pin U?-8
Add Pin To Net: Unknown Pin: Pin U?-9
Add Pin To Net: Unknown Pin: Pin U?-9
Add Pin To Net: Unknown Pin: Pin U?-10
Add Pin To Net: Unknown Pin: Pin U?-11
Add Pin To Net: Unknown Pin: Pin U?-12
Add Pin To Net: Unknown Pin: Pin U?-13
Add Pin To Net: Unknown Pin: Pin U?-14
Add Pin To Net: Unknown Pin: Pin U?-15
Add Pin To Net: Unknown Pin: Pin U?-17
Add Pin To Net: Unknown Pin: Pin U?-18
Add Pin To Net: Unknown Pin: Pin U?-19
Add Pin To Net: Unknown Pin: Pin U?-20
Add Pin To Net: Unknown Pin: Pin U?-21
Add Pin To Net: Unknown Pin: Pin U?-22
Add Pin To Net: Unknown Pin: Pin U?-23
Add Pin To Net: Unknown Pin: Pin U?-24
Add Pin To Net: Unknown Pin: Pin U?-25
Add Pin To Net: Unknown Pin: Pin U?-32
Add Pin To Net: Unknown Pin: Pin U?-33
Add Pin To Net: Unknown Pin: Pin U?-34
Add Pin To Net: Unknown Pin: Pin U?-35
Add Pin To Net: Unknown Pin: Pin U?-36
Add Pin To Net: Unknown Pin: Pin U?-37
Add Pin To Net: Unknown Pin: Pin U?-38
Add Pin To Net: Unknown Pin: Pin U?-39
Add Pin To Net: Unknown Pin: Pin U?-40
Add Pin To Net: Unknown Pin: Pin U?-41
Add Pin To Net: Unknown Pin: Pin U?-42
Add Pin To Net: Unknown Pin: Pin U?-43
Add Pin To Net: Unknown Pin: Pin U?-44
Add Pin To Net: Unknown Pin: Pin U?-45
Add Pin To Net: Unknown Pin: Pin U?-46
Add Pin To Net: Unknown Pin: Pin U?-47
Add Pin To Net: Unknown Pin: Pin U?-49
Add Pin To Net: Unknown Pin: Pin Y?-1
Add Pin To Net: Unknown Pin: Pin Y?-2
Add Pin To Net: Unknown Pin: Pin Y?-3
Add Pin To Net: Unknown Pin: Pin Y?-4
Add Net: Net with name "NetC?_1" already exists
Add Net: Net with name "NetC?_1" already exists
Add Net: Net with name "NetC?_1" already exists
Add Net: Net with name "NetC?_1" already exists
Add Net: Net with name "NetC?_1" already exists
Add Net: Net with name "NetR?_1" already exists
Add Net: Net with name "NetR?_2" already exists
Add Net: Net with name "NetR?_2" already exists
Add Net: Net with name "NetR?_2" already exists
Add Net: Net with name "NetR?_2" already exists
Add Net: Net with name "NetR?_2" already exists
Add Net: Net with name "NetR?_2" already exists
Add Class Member: Failed to add class member : Component C? 2.2uF
Add Class Member: Failed to add class member : Component C? 15pF
Add Class Member: Failed to add class member : Component C?
Add Class Member: Failed to add class member : Component C? 470nF
Add Class Member: Failed to add class member : Component C? 10uF
Add Class Member: Failed to add class member : Component C?
Add Class Member: Failed to add class member : Component C? 470nF
Add Class Member: Failed to add class member : Component C? 15pF
Add Class Member: Failed to add class member : Component C? 470nF
Add Class Member: Failed to add class member : Component C? 22uF
Add Class Member: Failed to add class member : Component C? 10uF
Add Class Member: Failed to add class member : Component C?
Add Class Member: Failed to add class member : Component C?
Add Class Member: Failed to add class member : Component C?
Add Class Member: Failed to add class member : Component C? 47nF
Add Class Member: Failed to add class member : Component C? 47uF
Add Class Member: Failed to add class member : Component C? 47uF
Add Class Member: Failed to add class member : Component C?
Add Class Member: Failed to add class member : Component C? 2.2uF
Add Class Member: Failed to add class member : Component C? 33pF
Add Class Member: Failed to add class member : Component C?
Add Class Member: Failed to add class member : Component C? 47uF
Add Class Member: Failed to add class member : Component D? B360A-13-F
Add Class Member: Failed to add class member : Component F? 0452.500MRL
Add Class Member: Failed to add class member : Component J? XT30PW-M
Add Class Member: Failed to add class member : Component L? 10uF
Add Class Member: Failed to add class member : Component L? 15uH
Add Class Member: Failed to add class member : Component R? 10k
Add Class Member: Failed to add class member : Component R? 0R
Add Class Member: Failed to add class member : Component R? 10k
Add Class Member: Failed to add class member : Component R? 10k
Add Class Member: Failed to add class member : Component R? 10k
Add Class Member: Failed to add class member : Component R? 0R
Add Class Member: Failed to add class member : Component R? 10k
Add Class Member: Failed to add class member : Component R? 10k
Add Class Member: Failed to add class member : Component R? 47kR
Add Class Member: Failed to add class member : Component R? 10k
Add Class Member: Failed to add class member : Component R? 10k
Add Class Member: Failed to add class member : Component R? 10k
Add Class Member: Failed to add class member : Component R? 100k
Add Class Member: Failed to add class member : Component R? 10k
Add Class Member: Failed to add class member : Component R? 0R
Add Class Member: Failed to add class member : Component R? 10k
Add Class Member: Failed to add class member : Component R? 10k
Add Class Member: Failed to add class member : Component R? 47kR
Add Class Member: Failed to add class member : Component R? 10k
Add Class Member: Failed to add class member : Component R? 10k
Add Class Member: Failed to add class member : Component R? 10k
Add Class Member: Failed to add class member : Component R? 10k
Add Class Member: Failed to add class member : Component R? 47kR
Add Class Member: Failed to add class member : Component R? 10k
Add Class Member: Failed to add class member : Component R? 10k
Add Class Member: Failed to add class member : Component R? 0R
Add Class Member: Failed to add class member : Component R? 10k
Add Class Member: Failed to add class member : Component R? 0R
Add Class Member: Failed to add class member : Component R? 0R
Add Class Member: Failed to add class member : Component R? 10k
Add Class Member: Failed to add class member : Component R? 10k
Add Class Member: Failed to add class member : Component R? 10k
Add Class Member: Failed to add class member : Component R? 47kR
Add Class Member: Failed to add class member : Component R? 47kR
Add Class Member: Failed to add class member : Component R? 7K87
Add Class Member: Failed to add class member : Component R? 97K6
Add Class Member: Failed to add class member : Component R? 562k
Add Class Member: Failed to add class member : Component R? 11k5
Add Class Member: Failed to add class member : Component R? 86K6
Add Class Member: Failed to add class member : Component R? 60k4
Add Class Member: Failed to add class member : Component TP? TestPoint
Add Class Member: Failed to add class member : Component U? MM6108IQ
Add Class Member: Failed to add class member : Component U? TLV76133DCYR
Add Class Member: Failed to add class member : Component U? TPS54560BDDAR
Add Class Member: Failed to add class member : Component Y? 32MHz
