Change Component Footprint: Designator=C?? Old Footprint=CAP Ceramic SMD 0603 New Footprint=CAP Ceramic SMD 0603
Change Component Footprint: Designator=C?? Old Footprint=CAP Ceramic SMD 0603 New Footprint=CAP Ceramic SMD 0603
Change Component Footprint: Designator=R?? Old Footprint=RES SMD 0603 New Footprint=RES SMD 0603
Change Component Footprint: Designator=R?? Old Footprint=RES SMD 0603 New Footprint=RES SMD 0603
Change Component Footprint: Designator=R?? Old Footprint=RES SMD 0603 New Footprint=RES SMD 0603
Change Component Footprint: Designator=R?? Old Footprint=RES SMD 0603 New Footprint=RES SMD 0603
Change Component Footprint: Designator=R?? Old Footprint=RES SMD 0603 New Footprint=RES SMD 0603
Change Component Footprint: Designator=R? Old Footprint=RES SMD 0603 New Footprint=RES SMD 0603
Change Component Footprint: Designator=R? Old Footprint=RES SMD 0603 New Footprint=RES SMD 0603
Change Component Footprint: Designator=R? Old Footprint=RES SMD 0603 New Footprint=RES SMD 0603
Change Component Footprint: Designator=R? Old Footprint=RES SMD 0603 New Footprint=RES SMD 0603
Change Component Footprint: Designator=R? Old Footprint=RES SMD 0603 New Footprint=RES SMD 0603
Change Component Footprint: Designator=R? Old Footprint=RES SMD 0603 New Footprint=RES SMD 0603
Change Component Footprint: Designator=R? Old Footprint=RES SMD 0603 New Footprint=RES SMD 0603
Change Component Footprint: Designator=R? Old Footprint=RES SMD 0603 New Footprint=RES SMD 0603
Change Component Footprint: Designator=R? Old Footprint=RES SMD 0603 New Footprint=RES SMD 0603
Change Component Footprint: Designator=R? Old Footprint=RES SMD 0603 New Footprint=RES SMD 0603
Change Component Footprint: Designator=R? Old Footprint=RES SMD 0603 New Footprint=RES SMD 0603
Change Component Footprint: Designator=R? Old Footprint=RES SMD 0603 New Footprint=RES SMD 0603
Change Component Footprint: Designator=R? Old Footprint=RES SMD 0603 New Footprint=RES SMD 0603
Change Component Footprint: Designator=R? Old Footprint=RES SMD 0603 New Footprint=RES SMD 0603
Change Component Footprint: Designator=R? Old Footprint=RES SMD 0603 New Footprint=RES SMD 0603
Change Component Footprint: Designator=R? Old Footprint=RES SMD 0603 New Footprint=RES SMD 0603
Change Component Footprint: Designator=R? Old Footprint=RES SMD 0603 New Footprint=RES SMD 0603
Change Component Footprint: Designator=R? Old Footprint=RES SMD 0603 New Footprint=RES SMD 0603
Change Component Footprint: Designator=R? Old Footprint=RES SMD 0603 New Footprint=RES SMD 0603
Change Component Footprint: Designator=R? Old Footprint=RES SMD 0603 New Footprint=RES SMD 0603
Change Component Footprint: Designator=R? Old Footprint=RES SMD 0603 New Footprint=RES SMD 0603
Change Component Footprint: Designator=R? Old Footprint=RES SMD 0603 New Footprint=RES SMD 0603
Change Component Footprint: Designator=R? Old Footprint=RES SMD 0603 New Footprint=RES SMD 0603
Change Component Footprint: Designator=R? Old Footprint=RES SMD 0603 New Footprint=RES SMD 0603
Change Component Footprint: Designator=R? Old Footprint=RES SMD 0603 New Footprint=RES SMD 0603
Change Component Footprint: Designator=R? Old Footprint=RES SMD 0603 New Footprint=RES SMD 0603
Change Component Footprint: Designator=R? Old Footprint=RES SMD 0603 New Footprint=RES SMD 0603
Change Component Footprint: Designator=R? Old Footprint=RES SMD 0603 New Footprint=RES SMD 0603
Change Component Footprint: Designator=R? Old Footprint=RES SMD 0603 New Footprint=RES SMD 0603
Change Component Designator: OldDesignator=C?? NewDesignator=C1
Change Component Designator: OldDesignator=C?? NewDesignator=C2
Change Component Designator: OldDesignator=C?? NewDesignator=C5
Change Component Designator: OldDesignator=C?? NewDesignator=C6
Change Component Designator: OldDesignator=C?? NewDesignator=C12
Change Component Designator: OldDesignator=L?? NewDesignator=L1
Change Component Designator: OldDesignator=R? NewDesignator=R2
Change Component Designator: OldDesignator=R? NewDesignator=R3
Change Component Designator: OldDesignator=R? NewDesignator=R4
Change Component Designator: OldDesignator=R? NewDesignator=R5
Change Component Designator: OldDesignator=R? NewDesignator=R6
Change Component Designator: OldDesignator=R? NewDesignator=R7
Change Component Designator: OldDesignator=R? NewDesignator=R8
Change Component Designator: OldDesignator=R? NewDesignator=R9
Change Component Designator: OldDesignator=R? NewDesignator=R10
Change Component Designator: OldDesignator=R? NewDesignator=R11
Change Component Designator: OldDesignator=R? NewDesignator=R12
Change Component Designator: OldDesignator=R? NewDesignator=R13
Change Component Designator: OldDesignator=R? NewDesignator=R14
Change Component Designator: OldDesignator=R? NewDesignator=R15
Change Component Designator: OldDesignator=R? NewDesignator=R16
Change Component Designator: OldDesignator=R? NewDesignator=R17
Change Component Designator: OldDesignator=R? NewDesignator=R19
Change Component Designator: OldDesignator=R? NewDesignator=R20
Change Component Designator: OldDesignator=R? NewDesignator=R21
Change Component Designator: OldDesignator=R? NewDesignator=R22
Change Component Designator: OldDesignator=R? NewDesignator=R23
Change Component Designator: OldDesignator=R? NewDesignator=R24
Change Component Designator: OldDesignator=R? NewDesignator=R25
Change Component Designator: OldDesignator=R? NewDesignator=R26
Change Component Designator: OldDesignator=R? NewDesignator=R28
Change Component Designator: OldDesignator=R? NewDesignator=R31
Change Component Designator: OldDesignator=R? NewDesignator=R32
Change Component Designator: OldDesignator=R? NewDesignator=R33
Change Component Designator: OldDesignator=R? NewDesignator=R34
Change Component Designator: OldDesignator=R?? NewDesignator=R1
Change Component Designator: OldDesignator=R?? NewDesignator=R18
Change Component Designator: OldDesignator=R?? NewDesignator=R27
Change Component Designator: OldDesignator=R?? NewDesignator=R29
Change Component Designator: OldDesignator=R?? NewDesignator=R30
Change Component Designator: OldDesignator=R?? NewDesignator=R35
Add Component: Footprint Not Found CAP Ceramic SMD 0603
Added Component: Designator=C13(CAP Ceramic SMD 0603)
Add component (AddParameter): Name = "Manufacturer"; Value = "Yageo"; VariantName = "[No Variations]"
Add component (AddParameter): Name = "Manufacturer Part Number"; Value = "CC0603KRX7R0BB104"; VariantName = "[No Variations]"
Add component (AddParameter): Name = "Supplier"; Value = "LCSC"; VariantName = "[No Variations]"
Add component (AddParameter): Name = "Supplier Part Number"; Value = "C113803"; VariantName = "[No Variations]"
Add component (AddParameter): Name = "Temperature Characteristics Code"; Value = "X7R"; VariantName = "[No Variations]"
Add component (AddParameter): Name = "Value"; Value = "100nF"; VariantName = "[No Variations]"
Add component (AddParameter): Name = "Voltage"; Value = "100V"; VariantName = "[No Variations]"
Add Component: Footprint Not Found CAP Ceramic SMD 1206
Added Component: Designator=C15(CAP Ceramic SMD 1206)
Add component (AddParameter): Name = "Manufacturer"; Value = "Samsung Electro-Mechanics"; VariantName = "[No Variations]"
Add component (AddParameter): Name = "Manufacturer Part Number"; Value = "CL31B475KBHNNNE"; VariantName = "[No Variations]"
Add component (AddParameter): Name = "Supplier"; Value = "LCSC"; VariantName = "[No Variations]"
Add component (AddParameter): Name = "Supplier Part Number"; Value = "C51205"; VariantName = "[No Variations]"
Add component (AddParameter): Name = "Value"; Value = "4.7uF"; VariantName = "[No Variations]"
Add component (AddParameter): Name = "Voltage"; Value = "50V"; VariantName = "[No Variations]"
Added Component: Designator=C16(CAP Ceramic SMD 0402)
Add component (AddParameter): Name = "Capacitance"; Value = "33pF"; VariantName = "[No Variations]"
Add component (AddParameter): Name = "Manufacturer"; Value = "Samsung Electro-Mechanics"; VariantName = "[No Variations]"
Add component (AddParameter): Name = "Manufacturer Part Number"; Value = "GRM155R71E473KA88D"; VariantName = "[No Variations]"
Add component (AddParameter): Name = "Supplier"; Value = "LCSC"; VariantName = "[No Variations]"
Add component (AddParameter): Name = "Supplier Part Number"; Value = "C70465"; VariantName = "[No Variations]"
Add component (AddParameter): Name = "Voltage"; Value = "50V"; VariantName = "[No Variations]"
Added Component: Designator=C20(CAP Ceramic SMD 0402)
Add component (AddParameter): Name = "Capacitance"; Value = "47nF"; VariantName = "[No Variations]"
Add component (AddParameter): Name = "Case Code (Imperial)"; Value = "0603"; VariantName = "[No Variations]"
Add component (AddParameter): Name = "Case Code (Metric)"; Value = "1608"; VariantName = "[No Variations]"
Add component (AddParameter): Name = "Case/Package"; Value = "0402"; VariantName = "[No Variations]"
Add component (AddParameter): Name = "Category"; Value = "Ceramic Capacitors"; VariantName = "[No Variations]"
Add component (AddParameter): Name = "Depth"; Value = "0.8mm"; VariantName = "[No Variations]"
Add component (AddParameter): Name = "Dielectric"; Value = "X7R"; VariantName = "[No Variations]"
Add component (AddParameter): Name = "Dielectric Material"; Value = "Ceramic"; VariantName = "[No Variations]"
Add component (AddParameter): Name = "Dissipation Factor"; Value = "2.5%"; VariantName = "[No Variations]"
Add component (AddParameter): Name = "Halogen Free"; Value = "Halogen Free"; VariantName = "[No Variations]"
Add component (AddParameter): Name = "Height"; Value = "0.8mm"; VariantName = "[No Variations]"
Add component (AddParameter): Name = "Insulation Resistance"; Value = "10GR"; VariantName = "[No Variations]"
Add component (AddParameter): Name = "Lead Free"; Value = "Lead Free"; VariantName = "[No Variations]"
Add component (AddParameter): Name = "Length"; Value = "1.6mm"; VariantName = "[No Variations]"
Add component (AddParameter): Name = "Manufacturer"; Value = "muRata"; VariantName = "[No Variations]"
Add component (AddParameter): Name = "Manufacturer Part Number"; Value = "GRM155R71E473KA88D"; VariantName = "[No Variations]"
Add component (AddParameter): Name = "Material"; Value = "Ceramic"; VariantName = "[No Variations]"
Add component (AddParameter): Name = "Max Operating Temperature"; Value = "125°C"; VariantName = "[No Variations]"
Add component (AddParameter): Name = "Min Operating Temperature"; Value = "-55°C"; VariantName = "[No Variations]"
Add component (AddParameter): Name = "Mount"; Value = "Surface Mount"; VariantName = "[No Variations]"
Add component (AddParameter): Name = "Number of Pins"; Value = "2"; VariantName = "[No Variations]"
Add component (AddParameter): Name = "Package Quantity"; Value = "1"; VariantName = "[No Variations]"
Add component (AddParameter): Name = "Packaging"; Value = "Tape and Reel"; VariantName = "[No Variations]"
Add component (AddParameter): Name = "Radiation Hardening"; Value = "No"; VariantName = "[No Variations]"
Add component (AddParameter): Name = "Resistor Type"; Value = "Ceramic"; VariantName = "[No Variations]"
Add component (AddParameter): Name = "RoHS Compliant"; Value = "Yes"; VariantName = "[No Variations]"
Add component (AddParameter): Name = "Series"; Value = "CC"; VariantName = "[No Variations]"
Add component (AddParameter): Name = "Supplier"; Value = "LCSC"; VariantName = "[No Variations]"
Add component (AddParameter): Name = "Supplier Part Number"; Value = "C77017"; VariantName = "[No Variations]"
Add component (AddParameter): Name = "Termination"; Value = "SMD/SMT"; VariantName = "[No Variations]"
Add component (AddParameter): Name = "Thickness"; Value = "0.035inch"; VariantName = "[No Variations]"
Add component (AddParameter): Name = "Tolerance"; Value = "10%"; VariantName = "[No Variations]"
Add component (AddParameter): Name = "Voltage"; Value = "25V"; VariantName = "[No Variations]"
Add component (AddParameter): Name = "Voltage Rating"; Value = "25V"; VariantName = "[No Variations]"
Add component (AddParameter): Name = "Voltage Rating (DC)"; Value = "25V"; VariantName = "[No Variations]"
Add component (AddParameter): Name = "Width"; Value = "0.031inch"; VariantName = "[No Variations]"
Added Component: Designator=C21(CAP Ceramic SMD 0603)
Add component (AddParameter): Name = "Manufacturer"; Value = "YAGEO"; VariantName = "[No Variations]"
Add component (AddParameter): Name = "Manufacturer Part Number"; Value = "CC0603KRX7R9BB105"; VariantName = "[No Variations]"
Add component (AddParameter): Name = "Supplier"; Value = "LCSC"; VariantName = "[No Variations]"
Add component (AddParameter): Name = "Supplier Part Number"; Value = "C559769"; VariantName = "[No Variations]"
Add component (AddParameter): Name = "Temperature Characteristics Code"; Value = "X7R"; VariantName = "[No Variations]"
Add component (AddParameter): Name = "Value"; Value = "1uF"; VariantName = "[No Variations]"
Add component (AddParameter): Name = "Voltage"; Value = "50V"; VariantName = "[No Variations]"
Added Component: Designator=D1(DO-214AB)
Add component (AddParameter): Name = "Manufacturer"; Value = "DIODES"; VariantName = "[No Variations]"
Add component (AddParameter): Name = "Manufacturer Part Number"; Value = "B560C-13-F"; VariantName = "[No Variations]"
Add component (AddParameter): Name = "Supplier"; Value = "LCSC"; VariantName = "[No Variations]"
Add component (AddParameter): Name = "Supplier Part Number"; Value = "C85100"; VariantName = "[No Variations]"
Add Component: Footprint Not Found Fuse SMD 2410 MFG
Add Component: Footprint Not Found XT30PW-M
Added Component: Designator=L2(IND SMD VLS6045EX)
Add component (AddParameter): Name = "Manufacturer"; Value = "TDK"; VariantName = "[No Variations]"
Add component (AddParameter): Name = "Manufacturer Part Number"; Value = "VLS6045EX-150M"; VariantName = "[No Variations]"
Add component (AddParameter): Name = "Suppleir Part Number"; Value = "C404502"; VariantName = "[No Variations]"
Add component (AddParameter): Name = "Supplier"; Value = "LCSC"; VariantName = "[No Variations]"
Added Component: Designator=R36(RES SMD 0603)
Add component (AddParameter): Name = "Manufacturer"; Value = "YAGEO"; VariantName = "[No Variations]"
Add component (AddParameter): Name = "Manufacturer Part Number"; Value = "RC0603FR-07562KL"; VariantName = "[No Variations]"
Add component (AddParameter): Name = "Supplier"; Value = "LCSC"; VariantName = "[No Variations]"
Add component (AddParameter): Name = "Supplier Part Number"; Value = "C185319"; VariantName = "[No Variations]"
Add component (AddParameter): Name = "Value"; Value = "562k"; VariantName = "[No Variations]"
Added Component: Designator=R37(RES SMD 0603)
Add component (AddParameter): Name = "Case Code (Imperial)"; Value = "0603"; VariantName = "[No Variations]"
Add component (AddParameter): Name = "Case Code (Metric)"; Value = "1608"; VariantName = "[No Variations]"
Add component (AddParameter): Name = "Case/Package"; Value = "0603"; VariantName = "[No Variations]"
Add component (AddParameter): Name = "Category"; Value = "Chip SMD Resistors"; VariantName = "[No Variations]"
Add component (AddParameter): Name = "Construction"; Value = "Rectangular"; VariantName = "[No Variations]"
Add component (AddParameter): Name = "Depth"; Value = "0.8mm"; VariantName = "[No Variations]"
Add component (AddParameter): Name = "Features"; Value = "Moisture Resistant"; VariantName = "[No Variations]"
Add component (AddParameter): Name = "Height"; Value = "0.45mm"; VariantName = "[No Variations]"
Add component (AddParameter): Name = "Lead Free"; Value = "Lead Free"; VariantName = "[No Variations]"
Add component (AddParameter): Name = "Length"; Value = "1.6mm"; VariantName = "[No Variations]"
Add component (AddParameter): Name = "Manufacturer"; Value = "Yageo"; VariantName = "[No Variations]"
Add component (AddParameter): Name = "Manufacturer Part Number"; Value = "RC0603FR-0760K4L"; VariantName = "[No Variations]"
Add component (AddParameter): Name = "Max Operating Temperature"; Value = "155°C"; VariantName = "[No Variations]"
Add component (AddParameter): Name = "Max Power Dissipation"; Value = "100mW"; VariantName = "[No Variations]"
Add component (AddParameter): Name = "Military Standard"; Value = "Not"; VariantName = "[No Variations]"
Add component (AddParameter): Name = "Min Operating Temperature"; Value = "-55°C"; VariantName = "[No Variations]"
Add component (AddParameter): Name = "Number of Pins"; Value = "2"; VariantName = "[No Variations]"
Add component (AddParameter): Name = "Number of Terminations"; Value = "2"; VariantName = "[No Variations]"
Add component (AddParameter): Name = "Package Quantity"; Value = "1"; VariantName = "[No Variations]"
Add component (AddParameter): Name = "Packaging"; Value = "Tape and Reel"; VariantName = "[No Variations]"
Add component (AddParameter): Name = "Power Rating"; Value = "100mW"; VariantName = "[No Variations]"
Add component (AddParameter): Name = "Pricing"; Value = "100=0.0013 (USD)"; VariantName = "[No Variations]"
Add component (AddParameter): Name = "Resistance"; Value = "60k4"; VariantName = "[No Variations]"
Add component (AddParameter): Name = "Resistance Tolerance"; Value = "1%"; VariantName = "[No Variations]"
Add component (AddParameter): Name = "Resistor Type"; Value = "Thick Film"; VariantName = "[No Variations]"
Add component (AddParameter): Name = "RoHS"; Value = "Yes"; VariantName = "[No Variations]"
Add component (AddParameter): Name = "RoHS Compliant"; Value = "Yes"; VariantName = "[No Variations]"
Add component (AddParameter): Name = "Series"; Value = "RC"; VariantName = "[No Variations]"
Add component (AddParameter): Name = "Size Code"; Value = "0603"; VariantName = "[No Variations]"
Add component (AddParameter): Name = "Stock"; Value = "51500"; VariantName = "[No Variations]"
Add component (AddParameter): Name = "Supplier"; Value = "LCSC"; VariantName = "[No Variations]"
Add component (AddParameter): Name = "Supplier Part Number"; Value = "C165742"; VariantName = "[No Variations]"
Add component (AddParameter): Name = "Technology"; Value = "THICK FILM"; VariantName = "[No Variations]"
Add component (AddParameter): Name = "Temperature Coefficient"; Value = "100ppm/°C"; VariantName = "[No Variations]"
Add component (AddParameter): Name = "Termination"; Value = "SMD/SMT"; VariantName = "[No Variations]"
Add component (AddParameter): Name = "Tolerance"; Value = "1%"; VariantName = "[No Variations]"
Add component (AddParameter): Name = "Voltage Rating"; Value = "50V"; VariantName = "[No Variations]"
Add component (AddParameter): Name = "Voltage Rating (DC)"; Value = "50V"; VariantName = "[No Variations]"
Add component (AddParameter): Name = "Width"; Value = "0.8mm"; VariantName = "[No Variations]"
Added Component: Designator=R38(CAP Ceramic SMD 0402)
Add component (AddParameter): Name = "Construction"; Value = "Rectangular"; VariantName = "[No Variations]"
Add component (AddParameter): Name = "Contact Plating"; Value = "Tin"; VariantName = "[No Variations]"
Add component (AddParameter): Name = "Features"; Value = "Automotive AEC-Q200"; VariantName = "[No Variations]"
Add component (AddParameter): Name = "Lead Free"; Value = "Lead Free"; VariantName = "[No Variations]"
Add component (AddParameter): Name = "Manufacturer"; Value = "YAGEO"; VariantName = "[No Variations]"
Add component (AddParameter): Name = "Manufacturer Part Number"; Value = "RC0402FR-077K87L"; VariantName = "[No Variations]"
Add component (AddParameter): Name = "Max Power Dissipation"; Value = "100mW"; VariantName = "[No Variations]"
Add component (AddParameter): Name = "Number of Terminations"; Value = "2"; VariantName = "[No Variations]"
Add component (AddParameter): Name = "Package Quantity"; Value = "1"; VariantName = "[No Variations]"
Add component (AddParameter): Name = "Pricing 2"; Value = "50=0.009200, 500=0.007300, 1500=0.006200, 5000=0.005500, 25000=0.005000, 50000=0.004700 (AUD)"; VariantName = "[No Variations]"
Add component (AddParameter): Name = "Radiation Hardening"; Value = "No"; VariantName = "[No Variations]"
Add component (AddParameter): Name = "Resistance"; Value = "7K87"; VariantName = "[No Variations]"
Add component (AddParameter): Name = "Resistance Tolerance"; Value = "1%"; VariantName = "[No Variations]"
Add component (AddParameter): Name = "Series"; Value = "ERJ"; VariantName = "[No Variations]"
Add component (AddParameter): Name = "Stock 2"; Value = "800"; VariantName = "[No Variations]"
Add component (AddParameter): Name = "Supplier"; Value = "LCSC"; VariantName = "[No Variations]"
Add component (AddParameter): Name = "Supplier Part Number"; Value = "C185394"; VariantName = "[No Variations]"
Add component (AddParameter): Name = "Technology"; Value = "THICK FILM"; VariantName = "[No Variations]"
Add component (AddParameter): Name = "Tolerance"; Value = "1%"; VariantName = "[No Variations]"
Add component (AddParameter): Name = "Value"; Value = "7K87"; VariantName = "[No Variations]"
Add component (AddParameter): Name = "Width"; Value = "0.031inch"; VariantName = "[No Variations]"
Added Component: Designator=R39(RES SMD 0603)
Add component (AddParameter): Name = "Manufacturer"; Value = "YAGEO"; VariantName = "[No Variations]"
Add component (AddParameter): Name = "Manufacturer Part Number"; Value = "AC0603FR-0797K6L"; VariantName = "[No Variations]"
Add component (AddParameter): Name = "Supplier"; Value = "LCSC"; VariantName = "[No Variations]"
Add component (AddParameter): Name = "Supplier Part Number"; Value = "C228109"; VariantName = "[No Variations]"
Add component (AddParameter): Name = "Value"; Value = "97K6"; VariantName = "[No Variations]"
Added Component: Designator=R40(RES SMD 0603)
Add component (AddParameter): Name = "Manufacturer"; Value = "YAGEO"; VariantName = "[No Variations]"
Add component (AddParameter): Name = "Manufacturer Part Number"; Value = "RC0603FR-0786K6L"; VariantName = "[No Variations]"
Add component (AddParameter): Name = "Resistance"; Value = "86K6"; VariantName = "[No Variations]"
Add component (AddParameter): Name = "Supplier"; Value = "LCSC"; VariantName = "[No Variations]"
Add component (AddParameter): Name = "Supplier Part Number"; Value = "C141683"; VariantName = "[No Variations]"
Added Component: Designator=R41(RES SMD 0603)
Add component (AddParameter): Name = "Manufacturer"; Value = "YAGEO"; VariantName = "[No Variations]"
Add component (AddParameter): Name = "Manufacturer Part Number"; Value = "RC0603FR-0711K5L"; VariantName = "[No Variations]"
Add component (AddParameter): Name = "Resistance"; Value = "11k5"; VariantName = "[No Variations]"
Add component (AddParameter): Name = "Supplier"; Value = "LCSC"; VariantName = "[No Variations]"
Add component (AddParameter): Name = "Supplier Part Number"; Value = "C137802"; VariantName = "[No Variations]"
Add Component: Footprint Not Found TestPoint Surface 0.8mm
Added Component: Designator=U3(SOT-223)
Add component (AddParameter): Name = "Manufacturer"; Value = "TI"; VariantName = "[No Variations]"
Add component (AddParameter): Name = "Manufacturer Part Number"; Value = "TLV76133DCYR"; VariantName = "[No Variations]"
Add component (AddParameter): Name = "Supplier"; Value = "LCSC"; VariantName = "[No Variations]"
Add component (AddParameter): Name = "Supplier Part Number"; Value = "C7527500"; VariantName = "[No Variations]"
Add Pin To Net: Unknown Pin: Pin C3-1
Add Pin To Net: Unknown Pin: Pin C3-2
Added Pin To Net: NetName=NetC13_1 Pin=C13-1
Added Pin To Net: NetName=NetC13_2 Pin=C13-2
Add Pin To Net: Unknown Pin: Pin C14-1
Add Pin To Net: Unknown Pin: Pin C14-2
Added Pin To Net: NetName=12VIN Pin=C15-1
Added Pin To Net: NetName=GND Pin=C15-2
Added Pin To Net: NetName=NetC16_1 Pin=C16-1
Added Pin To Net: NetName=GND Pin=C16-2
Added Pin To Net: NetName=NetC20_1 Pin=C20-1
Added Pin To Net: NetName=GND Pin=C20-2
Added Pin To Net: NetName=5V Pin=C21-1
Added Pin To Net: NetName=GND Pin=C21-2
Added Pin To Net: NetName=GND Pin=D1-1
Added Pin To Net: NetName=NetC13_2 Pin=D1-2
Add Pin To Net: Unknown Pin: Pin F1-1
Add Pin To Net: Unknown Pin: Pin F1-2
Add Pin To Net: Unknown Pin: Pin J1-1
Add Pin To Net: Unknown Pin: Pin J1-2
Added Pin To Net: NetName=5V_TPS60B Pin=L2-1
Added Pin To Net: NetName=NetC13_2 Pin=L2-2
Added Pin To Net: NetName=TPS54560B_EN Pin=R36-1
Added Pin To Net: NetName=12VIN Pin=R36-2
Added Pin To Net: NetName=5V_TPS60B Pin=R37-2
Added Pin To Net: NetName=NetC20_1 Pin=R38-1
Added Pin To Net: NetName=NetC16_1 Pin=R38-2
Added Pin To Net: NetName=GND Pin=R39-1
Added Pin To Net: NetName=GND Pin=R40-1
Added Pin To Net: NetName=TPS54560B_EN Pin=R40-2
Added Pin To Net: NetName=GND Pin=R41-1
Add Pin To Net: Unknown Pin: Pin TP1-1
Added Pin To Net: NetName=GND Pin=U3-1
Added Pin To Net: NetName=3V3 Pin=U3-2
Added Pin To Net: NetName=5V Pin=U3-3
Change Net Name : Old Net Name=NetR??_1 New Net Name=NetR27_1
Change Net Name : Old Net Name=NetR??_2 New Net Name=NetR29_2
Change Net Name : Old Net Name=NetR?_2 New Net Name=NetR23_2
Added Pin To Net: NetName=NetR24_2 Pin=R24-2
Added Pin To Net: NetName=NetR24_2 Pin=U1-30
Added Net: Name=NetR24_2
Added Pin To Net: NetName=NetR25_2 Pin=R25-2
Added Pin To Net: NetName=NetR25_2 Pin=U1-29
Added Net: Name=NetR25_2
Added Pin To Net: NetName=NetR26_2 Pin=R26-2
Added Pin To Net: NetName=NetR26_2 Pin=U1-27
Added Net: Name=NetR26_2
Added Pin To Net: NetName=NetR28_2 Pin=R28-2
Added Pin To Net: NetName=NetR28_2 Pin=U1-26
Added Net: Name=NetR28_2
Added Pin To Net: NetName=NetR37_1 Pin=R37-1
Added Pin To Net: NetName=NetR37_1 Pin=R41-2
Added Pin To Net: NetName=NetR37_1 Pin=U2-5
Added Net: Name=NetR37_1
Added Pin To Net: NetName=NetR39_2 Pin=R39-2
Added Pin To Net: NetName=NetR39_2 Pin=U2-4
Added Net: Name=NetR39_2
Added Member To Class: ClassName=MM6108IQ Chip Member=Component C1 10uF
Added Member To Class: ClassName=MM6108IQ Chip Member=Component C2 22uF
Add Class Member: Failed to add class member : Component C3 470nF
Added Member To Class: ClassName=MM6108IQ Chip Member=Component C6
Added Member To Class: ClassName=MM6108IQ Chip Member=Component C12 2.2uF
Added Member To Class: ClassName=Power Management Member=Component C13
Add Class Member: Failed to add class member : Component C14
Added Member To Class: ClassName=Power Management Member=Component C15
Added Member To Class: ClassName=Power Management Member=Component C16 33pF
Added Member To Class: ClassName=Power Management Member=Component C20 47nF
Added Member To Class: ClassName=Power Management Member=Component C21
Added Member To Class: ClassName=Power Management Member=Component D1 B360A-13-F
Add Class Member: Failed to add class member : Component F1 0452.500MRL
Add Class Member: Failed to add class member : Component J1 XT30PW-M
Added Member To Class: ClassName=Power Management Member=Component L2 15uH
Added Member To Class: ClassName=MM6108IQ Chip Member=Component R1 =Value
Added Member To Class: ClassName=MM6108IQ Chip Member=Component R2 10k
Added Member To Class: ClassName=MM6108IQ Chip Member=Component R3 10k
Added Member To Class: ClassName=MM6108IQ Chip Member=Component R4 10k
Added Member To Class: ClassName=MM6108IQ Chip Member=Component R5 10k
Added Member To Class: ClassName=MM6108IQ Chip Member=Component R6 10k
Added Member To Class: ClassName=MM6108IQ Chip Member=Component R7 10k
Added Member To Class: ClassName=MM6108IQ Chip Member=Component R8 10k
Added Member To Class: ClassName=MM6108IQ Chip Member=Component R9 10k
Added Member To Class: ClassName=MM6108IQ Chip Member=Component R11 10k
Added Member To Class: ClassName=MM6108IQ Chip Member=Component R12 10k
Added Member To Class: ClassName=MM6108IQ Chip Member=Component R13 10k
Added Member To Class: ClassName=MM6108IQ Chip Member=Component R14 10k
Added Member To Class: ClassName=MM6108IQ Chip Member=Component R15 10k
Added Member To Class: ClassName=MM6108IQ Chip Member=Component R16 10k
Added Member To Class: ClassName=MM6108IQ Chip Member=Component R17 10k
Added Member To Class: ClassName=MM6108IQ Chip Member=Component R18 47kR
Added Member To Class: ClassName=MM6108IQ Chip Member=Component R19 47kR
Added Member To Class: ClassName=MM6108IQ Chip Member=Component R20 47kR
Added Member To Class: ClassName=MM6108IQ Chip Member=Component R21 47kR
Added Member To Class: ClassName=MM6108IQ Chip Member=Component R22 47kR
Added Member To Class: ClassName=MM6108IQ Chip Member=Component R23 0R
Added Member To Class: ClassName=MM6108IQ Chip Member=Component R24 0R
Added Member To Class: ClassName=MM6108IQ Chip Member=Component R25 0R
Added Member To Class: ClassName=MM6108IQ Chip Member=Component R26 0R
Added Member To Class: ClassName=MM6108IQ Chip Member=Component R27 10k
Added Member To Class: ClassName=MM6108IQ Chip Member=Component R28 0R
Added Member To Class: ClassName=MM6108IQ Chip Member=Component R29 0R
Added Member To Class: ClassName=MM6108IQ Chip Member=Component R31 10k
Added Member To Class: ClassName=MM6108IQ Chip Member=Component R32 10k
Added Member To Class: ClassName=MM6108IQ Chip Member=Component R33 10k
Added Member To Class: ClassName=MM6108IQ Chip Member=Component R34 10k
Added Member To Class: ClassName=MM6108IQ Chip Member=Component R35 100k
Added Member To Class: ClassName=Power Management Member=Component R36 562k
Added Member To Class: ClassName=Power Management Member=Component R37 60k4
Added Member To Class: ClassName=Power Management Member=Component R38 7K87
Added Member To Class: ClassName=Power Management Member=Component R39 97K6
Added Member To Class: ClassName=Power Management Member=Component R40 86K6
Added Member To Class: ClassName=Power Management Member=Component R41 11k5
Add Class Member: Failed to add class member : Component TP1 TestPoint
Added Member To Class: ClassName=Power Management Member=Component U3 TLV76133DCYR
